Archive member included to satisfy reference by file (symbol)

c:/program files (x86)/gnu tools arm embedded/5.4 2016q3/bin/../lib/gcc/arm-none-eabi/5.4.1/armv7-m\libgcc.a(_aeabi_uldivmod.o)
                              out/lpc17xx_timer.o (__aeabi_uldivmod)
c:/program files (x86)/gnu tools arm embedded/5.4 2016q3/bin/../lib/gcc/arm-none-eabi/5.4.1/armv7-m\libgcc.a(_udivmoddi4.o)
                              c:/program files (x86)/gnu tools arm embedded/5.4 2016q3/bin/../lib/gcc/arm-none-eabi/5.4.1/armv7-m\libgcc.a(_aeabi_uldivmod.o) (__udivmoddi4)
c:/program files (x86)/gnu tools arm embedded/5.4 2016q3/bin/../lib/gcc/arm-none-eabi/5.4.1/armv7-m\libgcc.a(_dvmd_tls.o)
                              c:/program files (x86)/gnu tools arm embedded/5.4 2016q3/bin/../lib/gcc/arm-none-eabi/5.4.1/armv7-m\libgcc.a(_aeabi_uldivmod.o) (__aeabi_ldiv0)
c:/program files (x86)/gnu tools arm embedded/5.4 2016q3/bin/../lib/gcc/arm-none-eabi/5.4.1/../../../../arm-none-eabi/lib/armv7-m\libg.a(lib_a-memcpy.o)
                              out/queue.o (memcpy)
c:/program files (x86)/gnu tools arm embedded/5.4 2016q3/bin/../lib/gcc/arm-none-eabi/5.4.1/../../../../arm-none-eabi/lib/armv7-m\libg.a(lib_a-memset.o)
                              out/tasks.o (memset)
c:/program files (x86)/gnu tools arm embedded/5.4 2016q3/bin/../lib/gcc/arm-none-eabi/5.4.1/../../../../arm-none-eabi/lib/armv7-m\libg.a(lib_a-strlen-stub.o)
                              out/lpc17xx_uart.o (strlen)

Allocating common symbols
Common symbol       size              file

xQueueRegistry      0x50              out/queue.o
xHandlePot          0x4               out/rc_app.o
xHandleLEDs         0x4               out/rc_app.o

Discarded input sections

 .group         0x00000000        0x8 out/rc_app.o
 .group         0x00000000        0x8 out/rc_app.o
 .group         0x00000000        0x8 out/rc_app.o
 .group         0x00000000        0x8 out/rc_app.o
 .group         0x00000000        0x8 out/rc_app.o
 .group         0x00000000        0x8 out/rc_app.o
 .group         0x00000000        0x8 out/rc_app.o
 .group         0x00000000        0x8 out/rc_app.o
 .group         0x00000000        0x8 out/rc_app.o
 .group         0x00000000        0x8 out/rc_app.o
 .group         0x00000000        0x8 out/rc_app.o
 .group         0x00000000        0x8 out/rc_app.o
 .group         0x00000000        0x8 out/rc_app.o
 .group         0x00000000        0x8 out/rc_app.o
 .group         0x00000000        0x8 out/rc_app.o
 .group         0x00000000        0x8 out/rc_app.o
 .group         0x00000000        0x8 out/rc_app.o
 .group         0x00000000        0x8 out/rc_app.o
 .group         0x00000000        0x8 out/rc_app.o
 .group         0x00000000        0x8 out/rc_app.o
 .group         0x00000000        0x8 out/rc_app.o
 .group         0x00000000        0x8 out/rc_app.o
 .group         0x00000000        0x8 out/rc_app.o
 .group         0x00000000        0x8 out/rc_app.o
 .group         0x00000000        0x8 out/rc_app.o
 .group         0x00000000        0x8 out/rc_app.o
 .group         0x00000000        0x8 out/rc_app.o
 .group         0x00000000        0x8 out/rc_app.o
 .group         0x00000000        0x8 out/rc_app.o
 .group         0x00000000        0x8 out/rc_app.o
 .group         0x00000000        0x8 out/rc_app.o
 .group         0x00000000        0x8 out/rc_app.o
 .group         0x00000000        0x8 out/rc_app.o
 .group         0x00000000        0x8 out/rc_app.o
 .text          0x00000000        0x0 out/rc_app.o
 .data          0x00000000        0x0 out/rc_app.o
 .bss           0x00000000        0x0 out/rc_app.o
 .group         0x00000000        0x8 out/system_LPC17xx.o
 .group         0x00000000        0x8 out/system_LPC17xx.o
 .group         0x00000000        0x8 out/system_LPC17xx.o
 .group         0x00000000        0x8 out/system_LPC17xx.o
 .group         0x00000000        0x8 out/system_LPC17xx.o
 .group         0x00000000        0x8 out/system_LPC17xx.o
 .group         0x00000000        0x8 out/system_LPC17xx.o
 .group         0x00000000        0x8 out/system_LPC17xx.o
 .group         0x00000000        0x8 out/system_LPC17xx.o
 .group         0x00000000        0x8 out/system_LPC17xx.o
 .group         0x00000000        0x8 out/system_LPC17xx.o
 .group         0x00000000        0x8 out/system_LPC17xx.o
 .text          0x00000000        0x0 out/system_LPC17xx.o
 .data          0x00000000        0x0 out/system_LPC17xx.o
 .bss           0x00000000        0x0 out/system_LPC17xx.o
 .debug_macro   0x00000000      0x856 out/system_LPC17xx.o
 .debug_macro   0x00000000       0x22 out/system_LPC17xx.o
 .debug_macro   0x00000000       0x87 out/system_LPC17xx.o
 .debug_macro   0x00000000       0x44 out/system_LPC17xx.o
 .debug_macro   0x00000000       0xfd out/system_LPC17xx.o
 .debug_macro   0x00000000       0x5e out/system_LPC17xx.o
 .debug_macro   0x00000000      0x1df out/system_LPC17xx.o
[...]
Memory Configuration

Name             Origin             Length             Attributes
RAM              0x10000000         0x00008000         xrw
RAMAHB           0x2007c000         0x00008000         xrw
FLASH            0x00000000         0x00080000         xr
*default*        0x00000000         0xffffffff

Linker script and memory map

LOAD out/rc_app.o
LOAD out/system_LPC17xx.o
LOAD out/core_cm3.o
LOAD out/startup_LPC17xx.o
LOAD out/lpc17xx_uart.o
LOAD out/lpc17xx_timer.o
LOAD out/lpc17xx_pinsel.o
LOAD out/lpc17xx_clkpwr.o
LOAD out/lpc17xx_libcfg_default.o
LOAD out/lpc17xx_gpio.o
LOAD out/lpc17xx_adc.o
LOAD out/timers.o
LOAD out/tasks.o
LOAD out/event_groups.o
LOAD out/hooks.o
LOAD out/list.o
LOAD out/croutine.o
LOAD out/queue.o
LOAD out/port.o
LOAD out/heap_2.o
LOAD out/rc_task_leds.o
LOAD out/rc_task_pot.o
LOAD out/rc_leds.o
LOAD out/rc_pot.o
LOAD out/rc_system.o
LOAD out/rc_gpio.o
LOAD out/rc_uart.o
LOAD out/rc_pinsel.o
LOAD out/rc_timer.o
LOAD out/rc_adc.o
LOAD c:/program files (x86)/gnu tools arm embedded/5.4 2016q3/bin/../lib/gcc/arm-none-eabi/5.4.1/../../../../arm-none-eabi/lib/armv7-m\libstdc++.a
LOAD c:/program files (x86)/gnu tools arm embedded/5.4 2016q3/bin/../lib/gcc/arm-none-eabi/5.4.1/../../../../arm-none-eabi/lib/armv7-m\libm.a
START GROUP
LOAD c:/program files (x86)/gnu tools arm embedded/5.4 2016q3/bin/../lib/gcc/arm-none-eabi/5.4.1/armv7-m\libgcc.a
LOAD c:/program files (x86)/gnu tools arm embedded/5.4 2016q3/bin/../lib/gcc/arm-none-eabi/5.4.1/../../../../arm-none-eabi/lib/armv7-m\libg.a
LOAD c:/program files (x86)/gnu tools arm embedded/5.4 2016q3/bin/../lib/gcc/arm-none-eabi/5.4.1/../../../../arm-none-eabi/lib/armv7-m\libc.a
END GROUP
                0x10008000                _estack = 0x10008000
                0x000007d0                __Stack_Size = 0x7d0
                [!provide]                PROVIDE (_Stack_Size, __Stack_Size)
                0x10007830                __Stack_Init = (_estack - __Stack_Size)
                [!provide]                PROVIDE (_Stack_Init, __Stack_Init)
                0x00000100                _Minimum_Stack_Size = 0x100

.mios32_bsl     0x00000000        0x0
                0x00000000                . = ALIGN (0x4)
 *(.mios32_bsl)
                0x00000000                . = ALIGN (0x4)

.isr_vector     0x00000000       0xcc
                0x00000000                _mios32_sys_isr_vector = .
                0x00000000                . = ALIGN (0x4)
 *(.isr_vector)
 .isr_vector    0x00000000       0xcc out/startup_LPC17xx.o
                0x00000000                g_pfnVectors
                0x000000cc                . = ALIGN (0x4)
                [!provide]                PROVIDE (mios32_sys_isr_vector, _mios32_sys_isr_vector)

.flashtext      0x000000cc        0x0
                0x000000cc                . = ALIGN (0x4)
 *(.flashtext)
                0x000000cc                . = ALIGN (0x4)

.text           0x000000cc     0x21d4
                0x000000cc                . = ALIGN (0x4)
 CREATE_OBJECT_SYMBOLS
 *(.text .text.* .gnu.linkonce.t.*)
 .text.NVIC_EnableIRQ
                0x000000cc       0x30 out/rc_app.o
 .text.EINT3_IRQHandler
                0x000000fc       0x68 out/rc_app.o
                0x000000fc                EINT3_IRQHandler
 .text.rcapp_SetupHardware
                0x00000164       0x5c out/rc_app.o
 .text.main     0x000001c0       0x68 out/rc_app.o
                0x000001c0                main
 .text.SystemCoreClockUpdate
                0x00000228      0x164 out/system_LPC17xx.o
                0x00000228                SystemCoreClockUpdate
 .text.SystemInit
                0x0000038c      0x150 out/system_LPC17xx.o
                0x0000038c                SystemInit
 .text.Reset_Handler
                0x000004dc       0x88 out/startup_LPC17xx.o
                0x000004dc                Reset_Handler
 .text._init    0x00000564        0xc out/startup_LPC17xx.o
                0x00000564                _init
 .text.Default_Handler
                0x00000570        0x8 out/startup_LPC17xx.o
                0x00000570                TIMER2_IRQHandler
                0x00000570                DebugMon_Handler
                0x00000570                RIT_IRQHandler
                0x00000570                I2C0_IRQHandler
                0x00000570                HardFault_Handler
                0x00000570                SysTick_Handler
                0x00000570                USBActivity_IRQHandler
                0x00000570                PWM1_IRQHandler
                0x00000570                PendSV_Handler
                0x00000570                NMI_Handler
                0x00000570                I2C1_IRQHandler
                0x00000570                EINT2_IRQHandler
                0x00000570                CANActivity_IRQHandler
                0x00000570                TIMER3_IRQHandler
                0x00000570                UART0_IRQHandler
                0x00000570                UsageFault_Handler
                0x00000570                PLL0_IRQHandler
                0x00000570                CAN_IRQHandler
                0x00000570                PLL1_IRQHandler
                0x00000570                SSP0_IRQHandler
                0x00000570                I2S_IRQHandler
                0x00000570                I2C2_IRQHandler
                0x00000570                RTC_IRQHandler
                0x00000570                SPI_IRQHandler
                0x00000570                EINT1_IRQHandler
                0x00000570                TIMER1_IRQHandler
                0x00000570                UART2_IRQHandler
                0x00000570                Default_Handler
                0x00000570                ADC_IRQHandler
                0x00000570                SSP1_IRQHandler
                0x00000570                rcscheduler_Timer0_IRQHandler
                0x00000570                USB_IRQHandler
                0x00000570                BOD_IRQHandler
                0x00000570                MemManage_Handler
                0x00000570                WDT_IRQHandler
                0x00000570                SVC_Handler
                0x00000570                QEI_IRQHandler
                0x00000570                EINT0_IRQHandler
                0x00000570                DMA_IRQHandler
                0x00000570                BusFault_Handler
                0x00000570                UART3_IRQHandler
                0x00000570                MCPWM_IRQHandler
                0x00000570                ENET_IRQHandler
 .text.getUartNum
                0x00000578       0x44 out/lpc17xx_uart.o
                0x00000578                getUartNum
 .text.UART_GenIntHandler
                0x000005bc      0x174 out/lpc17xx_uart.o
                0x000005bc                UART_GenIntHandler
 .text.UART1_StdIntHandler
                0x00000730       0x14 out/lpc17xx_uart.o
                0x00000730                UART1_StdIntHandler
 .text.PINSEL_SetPinFunc
                0x00000744       0x84 out/lpc17xx_pinsel.o
                0x00000744                PINSEL_SetPinFunc
 .text.PINSEL_SetResistorMode
                0x000007c8       0x84 out/lpc17xx_pinsel.o
                0x000007c8                PINSEL_SetResistorMode
 .text.PINSEL_SetOpenDrainMode
                0x0000084c       0x6c out/lpc17xx_pinsel.o
                0x0000084c                PINSEL_SetOpenDrainMode
 .text.PINSEL_ConfigPin
                0x000008b8       0x48 out/lpc17xx_pinsel.o
                0x000008b8                PINSEL_ConfigPin
 .text.CLKPWR_GetPCLKSEL
                0x00000900       0x48 out/lpc17xx_clkpwr.o
                0x00000900                CLKPWR_GetPCLKSEL
 .text.CLKPWR_GetPCLK
                0x00000948       0x64 out/lpc17xx_clkpwr.o
                0x00000948                CLKPWR_GetPCLK
 .text.CLKPWR_ConfigPPWR
                0x000009ac       0x58 out/lpc17xx_clkpwr.o
                0x000009ac                CLKPWR_ConfigPPWR
 .text.check_failed
                0x00000a04        0xc out/lpc17xx_libcfg_default.o
                0x00000a04                check_failed
 .text.GPIO_GetPointer
                0x00000a10       0x70 out/lpc17xx_gpio.o
 .text.GPIO_SetDir
                0x00000a80       0x4c out/lpc17xx_gpio.o
                0x00000a80                GPIO_SetDir
 .text.GPIO_SetValue
                0x00000acc       0x2c out/lpc17xx_gpio.o
                0x00000acc                GPIO_SetValue
 .text.GPIO_ClearValue
                0x00000af8       0x2c out/lpc17xx_gpio.o
                0x00000af8                GPIO_ClearValue
 .text.GPIO_IntCmd
                0x00000b24       0x88 out/lpc17xx_gpio.o
                0x00000b24                GPIO_IntCmd
 .text.GPIO_GetIntStatus
                0x00000bac       0xa0 out/lpc17xx_gpio.o
                0x00000bac                GPIO_GetIntStatus
 .text.GPIO_ClearInt
                0x00000c4c       0x38 out/lpc17xx_gpio.o
                0x00000c4c                GPIO_ClearInt
 .text.ADC_Init
                0x00000c84       0x78 out/lpc17xx_adc.o
                0x00000c84                ADC_Init
 .text.ADC_StartCmd
                0x00000cfc       0x80 out/lpc17xx_adc.o
                0x00000cfc                ADC_StartCmd
 .text.ADC_IntConfig
                0x00000d7c       0x9c out/lpc17xx_adc.o
                0x00000d7c                ADC_IntConfig
 .text.ADC_ChannelCmd
                0x00000e18       0x60 out/lpc17xx_adc.o
                0x00000e18                ADC_ChannelCmd
 .text.ADC_ChannelGetData
                0x00000e78       0x48 out/lpc17xx_adc.o
                0x00000e78                ADC_ChannelGetData
 .text.ADC_ChannelGetStatus
                0x00000ec0       0x7c out/lpc17xx_adc.o
                0x00000ec0                ADC_ChannelGetStatus
 .text.xTaskGenericCreate
                0x00000f3c      0x164 out/tasks.o
                0x00000f3c                xTaskGenericCreate
 .text.vTaskDelay
                0x000010a0       0x88 out/tasks.o
                0x000010a0                vTaskDelay
 .text.vTaskStartScheduler
                0x00001128       0x68 out/tasks.o
                0x00001128                vTaskStartScheduler
 .text.vTaskSuspendAll
                0x00001190       0x1c out/tasks.o
                0x00001190                vTaskSuspendAll
 .text.xTaskResumeAll
                0x000011ac      0x108 out/tasks.o
                0x000011ac                xTaskResumeAll
 .text.xTaskIncrementTick
                0x000012b4      0x17c out/tasks.o
                0x000012b4                xTaskIncrementTick
 .text.vTaskSwitchContext
                0x00001430       0xa4 out/tasks.o
                0x00001430                vTaskSwitchContext
 .text.prvIdleTask
                0x000014d4       0x10 out/tasks.o
 .text.prvInitialiseTCBVariables
                0x000014e4       0x9c out/tasks.o
 .text.prvInitialiseTaskLists
                0x00001580       0x80 out/tasks.o
 .text.prvCheckTasksWaitingTermination
                0x00001600       0x78 out/tasks.o
 .text.prvAddCurrentTaskToDelayedList
                0x00001678       0x6c out/tasks.o
 .text.prvAllocateTCBAndStack
                0x000016e4       0x64 out/tasks.o
 .text.prvDeleteTCB
                0x00001748       0x20 out/tasks.o
 .text.prvResetNextTaskUnblockTime
                0x00001768       0x48 out/tasks.o
 .text.vApplicationTickHook
                0x000017b0        0xc out/hooks.o
                0x000017b0                vApplicationTickHook
 .text.vListInitialise
                0x000017bc       0x40 out/list.o
                0x000017bc                vListInitialise
 .text.vListInitialiseItem
                0x000017fc       0x18 out/list.o
                0x000017fc                vListInitialiseItem
 .text.vListInsertEnd
                0x00001814       0x48 out/list.o
                0x00001814                vListInsertEnd
 .text.vListInsert
                0x0000185c       0x70 out/list.o
                0x0000185c                vListInsert
 .text.uxListRemove
                0x000018cc       0x54 out/list.o
                0x000018cc                uxListRemove
 .text.pxPortInitialiseStack
                0x00001920       0x54 out/port.o
                0x00001920                pxPortInitialiseStack
 .text.prvTaskExitError
                0x00001974       0x20 out/port.o
 .text.vPortSVCHandler
                0x00001994       0x28 out/port.o
                0x00001994                vPortSVCHandler
 .text.prvPortStartFirstTask
                0x000019bc       0x20 out/port.o
 .text.xPortStartScheduler
                0x000019dc       0xbc out/port.o
                0x000019dc                xPortStartScheduler
 .text.vPortYield
                0x00001a98       0x20 out/port.o
                0x00001a98                vPortYield
 .text.vPortEnterCritical
                0x00001ab8       0x40 out/port.o
                0x00001ab8                vPortEnterCritical
 .text.vPortExitCritical
                0x00001af8       0x34 out/port.o
                0x00001af8                vPortExitCritical
 .text.ulPortSetInterruptMask
                0x00001b2c       0x14 out/port.o
                0x00001b2c                ulPortSetInterruptMask
 .text.vPortClearInterruptMask
                0x00001b40        0x8 out/port.o
                0x00001b40                vPortClearInterruptMask
 .text.xPortPendSVHandler
                0x00001b48       0x48 out/port.o
                0x00001b48                xPortPendSVHandler
 .text.xPortSysTickHandler
                0x00001b90       0x28 out/port.o
                0x00001b90                xPortSysTickHandler
 .text.vPortSetupTimerInterrupt
                0x00001bb8       0x24 out/port.o
                0x00001bb8                vPortSetupTimerInterrupt
 .text.pvPortMalloc
                0x00001bdc      0x11c out/heap_2.o
                0x00001bdc                pvPortMalloc
 .text.vPortFree
                0x00001cf8       0x74 out/heap_2.o
                0x00001cf8                vPortFree
 .text.prvHeapInit
                0x00001d6c       0x50 out/heap_2.o
 .text.rctask_LEDs
                0x00001dbc       0x50 out/rc_task_leds.o
                0x00001dbc                rctask_LEDs
 .text.rctask_pot
                0x00001e0c       0x58 out/rc_task_pot.o
                0x00001e0c                rctask_pot
 .text.rcleds_Init
                0x00001e64       0x74 out/rc_leds.o
                0x00001e64                rcleds_Init
 .text.rcleds_ClearLEDs
                0x00001ed8       0x38 out/rc_leds.o
                0x00001ed8                rcleds_ClearLEDs
 .text.rcleds_GetState
                0x00001f10       0x18 out/rc_leds.o
                0x00001f10                rcleds_GetState
 .text.rcleds_SetState
                0x00001f28       0x20 out/rc_leds.o
                0x00001f28                rcleds_SetState
 .text.rcpot_Init
                0x00001f48       0x48 out/rc_pot.o
                0x00001f48                rcpot_Init
 .text.rcpot_StartReading
                0x00001f90       0x14 out/rc_pot.o
                0x00001f90                rcpot_StartReading
 .text.rcpot_GetReadingStatus
                0x00001fa4       0x18 out/rc_pot.o
                0x00001fa4                rcpot_GetReadingStatus
 .text.rcpot_GetVoltageDigital
                0x00001fbc       0x18 out/rc_pot.o
                0x00001fbc                rcpot_GetVoltageDigital
 .text.rcsys_Init
                0x00001fd4        0xc out/rc_system.o
                0x00001fd4                rcsys_Init
 .text.rcsys_CoreClockUpdate
                0x00001fe0        0xc out/rc_system.o
                0x00001fe0                rcsys_CoreClockUpdate
 .text.rcgpio_SetPin
                0x00001fec       0x2c out/rc_gpio.o
                0x00001fec                rcgpio_SetPin
 .text.rcgpio_ClearPin
                0x00002018       0x2c out/rc_gpio.o
                0x00002018                rcgpio_ClearPin
 .text.rcgpio_SetDirection
                0x00002044       0x30 out/rc_gpio.o
                0x00002044                rcgpio_SetDirection
 .text.rcgpio_EnableInterrupt
                0x00002074       0x30 out/rc_gpio.o
                0x00002074                rcgpio_EnableInterrupt
 .text.rcgpio_ClearInterrupt
                0x000020a4       0x2c out/rc_gpio.o
                0x000020a4                rcgpio_ClearInterrupt
 .text.rcgpio_GetInterruptStatus
                0x000020d0       0x28 out/rc_gpio.o
                0x000020d0                rcgpio_GetInterruptStatus
 .text.rcuart_PORT1_IRQHandler
                0x000020f8        0xc out/rc_uart.o
                0x000020f8                rcuart_PORT1_IRQHandler
 .text.rcpinsel_ConfigPin
                0x00002104       0x34 out/rc_pinsel.o
                0x00002104                rcpinsel_ConfigPin
 .text.rcadc_Init
                0x00002138       0x1c out/rc_adc.o
                0x00002138                rcadc_Init
 .text.rcadc_ReadChannelData
                0x00002154       0x20 out/rc_adc.o
                0x00002154                rcadc_ReadChannelData
 .text.rcadc_ReadChannelStatus
                0x00002174       0x28 out/rc_adc.o
                0x00002174                rcadc_ReadChannelStatus
 .text.rcadc_SetStartMode
                0x0000219c       0x20 out/rc_adc.o
                0x0000219c                rcadc_SetStartMode
 .text.rcadc_SetInterruptState
                0x000021bc       0x24 out/rc_adc.o
                0x000021bc                rcadc_SetInterruptState
 .text.rcadc_SetChannelState
                0x000021e0       0x24 out/rc_adc.o
                0x000021e0                rcadc_SetChannelState
 .text.memset   0x00002204       0x9c c:/program files (x86)/gnu tools arm embedded/5.4 2016q3/bin/../lib/gcc/arm-none-eabi/5.4.1/../../../../arm-none-eabi/lib/armv7-m\libg.a(lib_a-memset.o)
                0x00002204                memset
 *(.plt)
 *(.gnu.warning)
 *(.glue_7t)
 .glue_7t       0x000022a0        0x0 linker stubs
 *(.glue_7)
 .glue_7        0x000022a0        0x0 linker stubs
 *(.vfp11_veneer)
 .vfp11_veneer  0x000022a0        0x0 linker stubs
 *(.ARM.extab* .gnu.linkonce.armextab.*)
 *(.gcc_except_table)

.v4_bx          0x000022a0        0x0
 .v4_bx         0x000022a0        0x0 linker stubs

.iplt           0x000022a0        0x0
 .iplt          0x000022a0        0x0 out/rc_app.o

.eh_frame_hdr
 *(.eh_frame_hdr)

.eh_frame
 *(.eh_frame)
                0x000022a0                __exidx_start = .

.ARM.exidx
 *(.ARM.exidx* .gnu.linkonce.armexidx.*)
                0x000022a0                __exidx_end = .

.rodata         0x000022a0       0x38
 *(.rodata .rodata.* .gnu.linkonce.r.*)
 .rodata        0x000022a0       0x15 out/rc_app.o
 *fill*         0x000022b5        0x3 
 .rodata        0x000022b8       0x13 out/lpc17xx_adc.o
 *fill*         0x000022cb        0x1 
 .rodata        0x000022cc        0x5 out/tasks.o
                0x000022d4                . = ALIGN (0x4)
 *fill*         0x000022d1        0x3 
 *(.init)
                0x000022d4                . = ALIGN (0x4)
                0x000022d4                __preinit_array_start = .
 *(.preinit_array)
                0x000022d4                __preinit_array_end = .
                0x000022d4                . = ALIGN (0x4)
                0x000022d4                __init_array_start = .
 *(SORT(.init_array.*))
 *(.init_array)
                0x000022d4                __init_array_end = .
                0x000022d4                . = ALIGN (0x4)
 *(.fini)
                0x000022d4                . = ALIGN (0x4)
                0x000022d4                __fini_array_start = .
 *(.fini_array)
 *(SORT(.fini_array.*))
                0x000022d4                __fini_array_end = .
                0x000022d4                . = ALIGN (0x4)
 *crtbegin.o(.ctors)
 *(EXCLUDE_FILE(*crtend.o) .ctors)
 *(SORT(.ctors.*))
 *crtend.o(.ctors)
                0x000022d4                . = ALIGN (0x4)
 *crtbegin.o(.dtors)
 *(EXCLUDE_FILE(*crtend.o) .dtors)
 *(SORT(.dtors.*))
 *crtend.o(.dtors)
 *(.init .init.*)
 *(.fini .fini.*)
                [!provide]                PROVIDE (__preinit_array_start, .)
 *(.preinit_array)
                [!provide]                PROVIDE (__preinit_array_end, .)
                [!provide]                PROVIDE (__init_array_start, .)
 *(SORT(.init_array.*))
 *(.init_array)
                [!provide]                PROVIDE (__init_array_end, .)
                [!provide]                PROVIDE (__fini_array_start, .)
 *(.fini_array)
 *(SORT(.fini_array.*))
                [!provide]                PROVIDE (__fini_array_end, .)
                0x000022d8                . = ALIGN (0x8)
 *fill*         0x000022d4        0x4 
 *(.rom)
 *(.rom.b)
                0x000022d8                _etext = .
                0x000022d8                _sidata = _etext

.rel.dyn        0x000022d8        0x0
 .rel.iplt      0x000022d8        0x0 out/rc_app.o

.bss            0x10000000     0x21a8 load address 0x000022d8
                0x10000000                . = ALIGN (0x4)
                0x10000000                _sbss = .
 *(.shbss)
 *(.bss .bss.* .gnu.linkonce.b.*)
 .bss.uartCbsDat
                0x10000000       0x40 out/lpc17xx_uart.o
                0x10000000                uartCbsDat
 .bss.pfnModemCbs
                0x10000040        0x4 out/lpc17xx_uart.o
                0x10000040                pfnModemCbs
 .bss.xx        0x10000044        0x4 out/lpc17xx_uart.o
 .bss.pxCurrentTCB
                0x10000048        0x4 out/tasks.o
                0x10000048                pxCurrentTCB
 .bss.pxReadyTasksLists
                0x1000004c       0xa0 out/tasks.o
 .bss.xDelayedTaskList1
                0x100000ec       0x14 out/tasks.o
 .bss.xDelayedTaskList2
                0x10000100       0x14 out/tasks.o
 .bss.pxDelayedTaskList
                0x10000114        0x4 out/tasks.o
 .bss.pxOverflowDelayedTaskList
                0x10000118        0x4 out/tasks.o
 .bss.xPendingReadyList
                0x1000011c       0x14 out/tasks.o
 .bss.xTasksWaitingTermination
                0x10000130       0x14 out/tasks.o
 .bss.uxTasksDeleted
                0x10000144        0x4 out/tasks.o
 .bss.xSuspendedTaskList
                0x10000148       0x14 out/tasks.o
 .bss.uxCurrentNumberOfTasks
                0x1000015c        0x4 out/tasks.o
 .bss.xTickCount
                0x10000160        0x4 out/tasks.o
 .bss.uxTopReadyPriority
                0x10000164        0x4 out/tasks.o
 .bss.xSchedulerRunning
                0x10000168        0x4 out/tasks.o
 .bss.uxPendedTicks
                0x1000016c        0x4 out/tasks.o
 .bss.xYieldPending
                0x10000170        0x4 out/tasks.o
 .bss.xNumOfOverflows
                0x10000174        0x4 out/tasks.o
 .bss.uxTaskNumber
                0x10000178        0x4 out/tasks.o
 .bss.uxSchedulerSuspended
                0x1000017c        0x4 out/tasks.o
 .bss.ucMaxSysCallPriority
                0x10000180        0x1 out/port.o
 *fill*         0x10000181        0x3 
 .bss.ulMaxPRIGROUPValue
                0x10000184        0x4 out/port.o
 .bss.ucHeap    0x10000188     0x2000 out/heap_2.o
 .bss.xStart    0x10002188        0x8 out/heap_2.o
 .bss.xEnd      0x10002190        0x8 out/heap_2.o
 .bss.xHeapHasBeenInitialised.5044
                0x10002198        0x4 out/heap_2.o
 .bss.re_rcleds_state
                0x1000219c        0x1 out/rc_leds.o
 *(COMMON)
 *fill*         0x1000219d        0x3 
 COMMON         0x100021a0        0x8 out/rc_app.o
                0x100021a0                xHandlePot
                0x100021a4                xHandleLEDs
                0x100021a8                . = ALIGN (0x8)
 *(.ram.b)
                0x100021a8                . = ALIGN (0x4)
                0x100021a8                _ebss = .
                0x100021a8                _end = .
                0x100021a8                __end = .
                [!provide]                PROVIDE (end, _ebss)
                [!provide]                PROVIDE (_end, _ebss)
                [!provide]                PROVIDE (__bss_start__, _sbss)
                [!provide]                PROVIDE (__bss_end__, _ebss)

._usrstack      0x100021a8      0x100 load address 0x000022d8
                0x100021a8                . = ALIGN (0x4)
                0x100021a8                _susrstack = .
                0x100022a8                . = (. + _Minimum_Stack_Size)
 *fill*         0x100021a8      0x100 
                0x100022a8                . = ALIGN (0x4)
                0x100022a8                _eusrstack = .

.data           0x2007c000       0x10 load address 0x000022d8
                0x2007c000                _sdata = .
                0x2007c000                . = ALIGN (0x80)
                0x00000000                _isr_vectorsram_offs = (. - 0x2007c000)
 *(.isr_vectorsram)
                0x2007c000                . = ALIGN (0x4)
 *(.jcr)
 *(.got.plt)
 *(.got)
 *(.shdata)
 *(.data .data.* .gnu.linkonce.d.*)
 .data.SystemCoreClock
                0x2007c000        0x4 out/system_LPC17xx.o
                0x2007c000                SystemCoreClock
 .data.xNextTaskUnblockTime
                0x2007c004        0x4 out/tasks.o
 .data.uxCriticalNesting
                0x2007c008        0x4 out/port.o
 .data.xFreeBytesRemaining
                0x2007c00c        0x4 out/heap_2.o
                0x2007c010                . = ALIGN (0x8)
 *(.ram)
 *(.ramfunc*)
                0x2007c010                . = ALIGN (0x4)
                0x2007c010                _edata = .

.igot.plt       0x2007c010        0x0 load address 0x000022e8
 .igot.plt      0x2007c010        0x0 out/rc_app.o

.bss_ahb        0x2007c010        0x0 load address 0x000022e8
                0x2007c010                . = ALIGN (0x4)
                0x2007c010                _sbss_ahb = .
 *(.shbss_ahb)
 *(.bss_ahb .bss_ahb.* .gnu.linkonce.b.*)
                0x2007c010                . = ALIGN (0x8)
 *(.ram_ahb.b)
                0x2007c010                . = ALIGN (0x4)
                0x2007c010                _ebss_ahb = .
                0x2007c010                _end_ahb = .
                0x2007c010                __end_ahb = .
                [!provide]                PROVIDE (end_ahb, _ebss_ahb)
                [!provide]                PROVIDE (_end_ahb, _ebss_ahb)
                [!provide]                PROVIDE (__bss_ahb_start__, _sbss_ahb)
                [!provide]                PROVIDE (__bss_ahb_end__, _ebss_ahb)

/DISCARD/
 libc.a(*)
 libm.a(*)
 libgcc.a(*)

.stab
 *(.stab)

.stabstr
 *(.stabstr)

.stab.excl
 *(.stab.excl)

.stab.exclstr
 *(.stab.exclstr)

.stab.index
 *(.stab.index)

.stab.indexstr
 *(.stab.indexstr)

.comment        0x00000000       0x6e
 *(.comment)
 .comment       0x00000000       0x6e out/rc_app.o
                                 0x6f (size before relaxing)
 .comment       0x0000006e       0x6f out/system_LPC17xx.o
 .comment       0x0000006e       0x6f out/startup_LPC17xx.o
 .comment       0x0000006e       0x6f out/lpc17xx_uart.o
 .comment       0x0000006e       0x6f out/lpc17xx_pinsel.o
 .comment       0x0000006e       0x6f out/lpc17xx_clkpwr.o
 .comment       0x0000006e       0x6f out/lpc17xx_libcfg_default.o
 .comment       0x0000006e       0x6f out/lpc17xx_gpio.o
 .comment       0x0000006e       0x6f out/lpc17xx_adc.o
 .comment       0x0000006e       0x6f out/tasks.o
 .comment       0x0000006e       0x6f out/hooks.o
 .comment       0x0000006e       0x6f out/list.o
 .comment       0x0000006e       0x6f out/port.o
 .comment       0x0000006e       0x6f out/heap_2.o
 .comment       0x0000006e       0x6f out/rc_task_leds.o
 .comment       0x0000006e       0x6f out/rc_task_pot.o
 .comment       0x0000006e       0x6f out/rc_leds.o
 .comment       0x0000006e       0x6f out/rc_pot.o
 .comment       0x0000006e       0x6f out/rc_system.o
 .comment       0x0000006e       0x6f out/rc_gpio.o
 .comment       0x0000006e       0x6f out/rc_uart.o
 .comment       0x0000006e       0x6f out/rc_pinsel.o
 .comment       0x0000006e       0x6f out/rc_adc.o

.ARM.attributes
                0x00000000       0x31
 .ARM.attributes
                0x00000000       0x33 out/rc_app.o
 .ARM.attributes
                0x00000033       0x33 out/system_LPC17xx.o
 .ARM.attributes
                0x00000066       0x33 out/startup_LPC17xx.o
 .ARM.attributes
                0x00000099       0x33 out/lpc17xx_uart.o
 .ARM.attributes
                0x000000cc       0x33 out/lpc17xx_pinsel.o
 .ARM.attributes
                0x000000ff       0x33 out/lpc17xx_clkpwr.o
 .ARM.attributes
                0x00000132       0x33 out/lpc17xx_libcfg_default.o
 .ARM.attributes
                0x00000165       0x33 out/lpc17xx_gpio.o
 .ARM.attributes
                0x00000198       0x33 out/lpc17xx_adc.o
 .ARM.attributes
                0x000001cb       0x33 out/tasks.o
 .ARM.attributes
                0x000001fe       0x33 out/hooks.o
 .ARM.attributes
                0x00000231       0x33 out/list.o
 .ARM.attributes
                0x00000264       0x33 out/port.o
 .ARM.attributes
                0x00000297       0x33 out/heap_2.o
 .ARM.attributes
                0x000002ca       0x33 out/rc_task_leds.o
 .ARM.attributes
                0x000002fd       0x33 out/rc_task_pot.o
 .ARM.attributes
                0x00000330       0x33 out/rc_leds.o
 .ARM.attributes
                0x00000363       0x33 out/rc_pot.o
 .ARM.attributes
                0x00000396       0x33 out/rc_system.o
 .ARM.attributes
                0x000003c9       0x33 out/rc_gpio.o
 .ARM.attributes
                0x000003fc       0x33 out/rc_uart.o
 .ARM.attributes
                0x0000042f       0x33 out/rc_pinsel.o
 .ARM.attributes
                0x00000462       0x33 out/rc_adc.o
 .ARM.attributes
                0x00000495       0x2d c:/program files (x86)/gnu tools arm embedded/5.4 2016q3/bin/../lib/gcc/arm-none-eabi/5.4.1/../../../../arm-none-eabi/lib/armv7-m\libg.a(lib_a-memset.o)

.debug
 *(.debug)

.line
 *(.line)

.debug_srcinfo
 *(.debug_srcinfo)

.debug_sfnames
 *(.debug_sfnames)

.debug_aranges  0x00000000      0x910
 *(.debug_aranges)
 .debug_aranges
                0x00000000       0x38 out/rc_app.o
 .debug_aranges
                0x00000038       0x28 out/system_LPC17xx.o
 .debug_aranges
                0x00000060       0x30 out/startup_LPC17xx.o
 .debug_aranges
                0x00000090      0x130 out/lpc17xx_uart.o
 .debug_aranges
                0x000001c0       0x48 out/lpc17xx_pinsel.o
 .debug_aranges
                0x00000208       0x58 out/lpc17xx_clkpwr.o
 .debug_aranges
                0x00000260       0x20 out/lpc17xx_libcfg_default.o
 .debug_aranges
                0x00000280       0xf8 out/lpc17xx_gpio.o
 .debug_aranges
                0x00000378       0x80 out/lpc17xx_adc.o
 .debug_aranges
                0x000003f8      0x180 out/tasks.o
 .debug_aranges
                0x00000578       0x30 out/hooks.o
 .debug_aranges
                0x000005a8       0x40 out/list.o
 .debug_aranges
                0x000005e8       0x90 out/port.o
 .debug_aranges
                0x00000678       0x40 out/heap_2.o
 .debug_aranges
                0x000006b8       0x20 out/rc_task_leds.o
 .debug_aranges
                0x000006d8       0x20 out/rc_task_pot.o
 .debug_aranges
                0x000006f8       0x38 out/rc_leds.o
 .debug_aranges
                0x00000730       0x40 out/rc_pot.o
 .debug_aranges
                0x00000770       0x38 out/rc_system.o
 .debug_aranges
                0x000007a8       0x58 out/rc_gpio.o
 .debug_aranges
                0x00000800       0x70 out/rc_uart.o
 .debug_aranges
                0x00000870       0x40 out/rc_pinsel.o
 .debug_aranges
                0x000008b0       0x60 out/rc_adc.o

.debug_pubnames
 *(.debug_pubnames)

.debug_info     0x00000000     0x79ab
 *(.debug_info .gnu.linkonce.wi.*)
 .debug_info    0x00000000      0x52c out/rc_app.o
 .debug_info    0x0000052c      0x4a9 out/system_LPC17xx.o
 .debug_info    0x000009d5      0x128 out/startup_LPC17xx.o
 .debug_info    0x00000afd     0x12b0 out/lpc17xx_uart.o
 .debug_info    0x00001dad      0x47a out/lpc17xx_pinsel.o
 .debug_info    0x00002227      0x64b out/lpc17xx_clkpwr.o
 .debug_info    0x00002872       0xdb out/lpc17xx_libcfg_default.o
 .debug_info    0x0000294d      0xd61 out/lpc17xx_gpio.o
 .debug_info    0x000036ae      0x611 out/lpc17xx_adc.o
 .debug_info    0x00003cbf     0x1253 out/tasks.o
 .debug_info    0x00004f12       0x93 out/hooks.o
 .debug_info    0x00004fa5      0x2ac out/list.o
 .debug_info    0x00005251      0x326 out/port.o
 .debug_info    0x00005577      0x2eb out/heap_2.o
 .debug_info    0x00005862      0x23b out/rc_task_leds.o
 .debug_info    0x00005a9d      0x158 out/rc_task_pot.o
 .debug_info    0x00005bf5      0x279 out/rc_leds.o
 .debug_info    0x00005e6e      0x53e out/rc_pot.o
 .debug_info    0x000063ac      0x123 out/rc_system.o
 .debug_info    0x000064cf      0x347 out/rc_gpio.o
 .debug_info    0x00006816      0x819 out/rc_uart.o
 .debug_info    0x0000702f      0x454 out/rc_pinsel.o
 .debug_info    0x00007483      0x528 out/rc_adc.o

.debug_abbrev   0x00000000     0x1bc7
 *(.debug_abbrev)
 .debug_abbrev  0x00000000      0x151 out/rc_app.o
 .debug_abbrev  0x00000151      0x115 out/system_LPC17xx.o
 .debug_abbrev  0x00000266       0xd3 out/startup_LPC17xx.o
 .debug_abbrev  0x00000339      0x2a9 out/lpc17xx_uart.o
 .debug_abbrev  0x000005e2      0x12b out/lpc17xx_pinsel.o
 .debug_abbrev  0x0000070d      0x1db out/lpc17xx_clkpwr.o
 .debug_abbrev  0x000008e8       0x6c out/lpc17xx_libcfg_default.o
 .debug_abbrev  0x00000954      0x211 out/lpc17xx_gpio.o
 .debug_abbrev  0x00000b65      0x165 out/lpc17xx_adc.o
 .debug_abbrev  0x00000cca      0x27b out/tasks.o
 .debug_abbrev  0x00000f45       0x78 out/hooks.o
 .debug_abbrev  0x00000fbd       0xc1 out/list.o
 .debug_abbrev  0x0000107e      0x1a7 out/port.o
 .debug_abbrev  0x00001225      0x155 out/heap_2.o
 .debug_abbrev  0x0000137a       0xbc out/rc_task_leds.o
 .debug_abbrev  0x00001436       0xbc out/rc_task_pot.o
 .debug_abbrev  0x000014f2       0xd6 out/rc_leds.o
 .debug_abbrev  0x000015c8      0x13e out/rc_pot.o
 .debug_abbrev  0x00001706       0xa2 out/rc_system.o
 .debug_abbrev  0x000017a8       0xc0 out/rc_gpio.o
 .debug_abbrev  0x00001868      0x1a3 out/rc_uart.o
 .debug_abbrev  0x00001a0b       0xd2 out/rc_pinsel.o
 .debug_abbrev  0x00001add       0xea out/rc_adc.o

.debug_line     0x00000000     0x5dc0
 *(.debug_line)
 .debug_line    0x00000000      0x535 out/rc_app.o
 .debug_line    0x00000535      0x2d2 out/system_LPC17xx.o
 .debug_line    0x00000807       0x8e out/startup_LPC17xx.o
 .debug_line    0x00000895      0xa34 out/lpc17xx_uart.o
 .debug_line    0x000012c9      0x2fb out/lpc17xx_pinsel.o
 .debug_line    0x000015c4      0x363 out/lpc17xx_clkpwr.o
 .debug_line    0x00001927      0x23c out/lpc17xx_libcfg_default.o
 .debug_line    0x00001b63      0x567 out/lpc17xx_gpio.o
 .debug_line    0x000020ca      0x48f out/lpc17xx_adc.o
 .debug_line    0x00002559      0xb85 out/tasks.o
 .debug_line    0x000030de      0x1b8 out/hooks.o
 .debug_line    0x00003296      0x3a9 out/list.o
 .debug_line    0x0000363f      0x421 out/port.o
 .debug_line    0x00003a60      0x3f5 out/heap_2.o
 .debug_line    0x00003e55      0x3f9 out/rc_task_leds.o
 .debug_line    0x0000424e      0x459 out/rc_task_pot.o
 .debug_line    0x000046a7      0x33c out/rc_leds.o
 .debug_line    0x000049e3      0x373 out/rc_pot.o
 .debug_line    0x00004d56      0x2f9 out/rc_system.o
 .debug_line    0x0000504f      0x351 out/rc_gpio.o
 .debug_line    0x000053a0      0x395 out/rc_uart.o
 .debug_line    0x00005735      0x320 out/rc_pinsel.o
 .debug_line    0x00005a55      0x36b out/rc_adc.o

.debug_frame    0x00000000     0x2228
 *(.debug_frame)
 .debug_frame   0x00000000       0x94 out/rc_app.o
 .debug_frame   0x00000094       0x58 out/system_LPC17xx.o
 .debug_frame   0x000000ec       0x78 out/startup_LPC17xx.o
 .debug_frame   0x00000164      0x55c out/lpc17xx_uart.o
 .debug_frame   0x000006c0      0x100 out/lpc17xx_pinsel.o
 .debug_frame   0x000007c0      0x140 out/lpc17xx_clkpwr.o
 .debug_frame   0x00000900       0x2c out/lpc17xx_libcfg_default.o
 .debug_frame   0x0000092c      0x478 out/lpc17xx_gpio.o
 .debug_frame   0x00000da4      0x218 out/lpc17xx_adc.o
 .debug_frame   0x00000fbc      0x6f8 out/tasks.o
 .debug_frame   0x000016b4       0x7c out/hooks.o
 .debug_frame   0x00001730       0xd8 out/list.o
 .debug_frame   0x00001808      0x1ac out/port.o
 .debug_frame   0x000019b4       0xd0 out/heap_2.o
 .debug_frame   0x00001a84       0x30 out/rc_task_leds.o
 .debug_frame   0x00001ab4       0x30 out/rc_task_pot.o
 .debug_frame   0x00001ae4       0x94 out/rc_leds.o
 .debug_frame   0x00001b78       0xb4 out/rc_pot.o
 .debug_frame   0x00001c2c       0x90 out/rc_system.o
 .debug_frame   0x00001cbc      0x150 out/rc_gpio.o
 .debug_frame   0x00001e0c      0x198 out/rc_uart.o
 .debug_frame   0x00001fa4       0xd8 out/rc_pinsel.o
 .debug_frame   0x0000207c      0x178 out/rc_adc.o
 .debug_frame   0x000021f4       0x34 c:/program files (x86)/gnu tools arm embedded/5.4 2016q3/bin/../lib/gcc/arm-none-eabi/5.4.1/../../../../arm-none-eabi/lib/armv7-m\libg.a(lib_a-memset.o)

.debug_str      0x00000000    0x156a2
 *(.debug_str)
 .debug_str     0x00000000     0xd080 out/rc_app.o
                               0xd35b (size before relaxing)
 .debug_str     0x0000d080      0x453 out/system_LPC17xx.o
                               0x78ec (size before relaxing)
 .debug_str     0x0000d4d3       0xfa out/startup_LPC17xx.o
                               0x252e (size before relaxing)
 .debug_str     0x0000d5cd     0x1bcb out/lpc17xx_uart.o
                               0xab9d (size before relaxing)
 .debug_str     0x0000f198      0x252 out/lpc17xx_pinsel.o
                               0x7cd9 (size before relaxing)
 .debug_str     0x0000f3ea       0xc9 out/lpc17xx_clkpwr.o
                               0x8a4f (size before relaxing)
 .debug_str     0x0000f4b3       0x30 out/lpc17xx_libcfg_default.o
                               0x35e6 (size before relaxing)
 .debug_str     0x0000f4e3      0x42d out/lpc17xx_gpio.o
                               0x7db7 (size before relaxing)
 .debug_str     0x0000f910      0x2b7 out/lpc17xx_adc.o
                               0x9417 (size before relaxing)
 .debug_str     0x0000fbc7     0x4035 out/tasks.o
                               0xa00a (size before relaxing)
 .debug_str     0x00013bfc       0xd2 out/hooks.o
                               0x2b5d (size before relaxing)
 .debug_str     0x00013cce       0x9d out/list.o
                               0x84f1 (size before relaxing)
 .debug_str     0x00013d6b      0x724 out/port.o
                               0x6676 (size before relaxing)
 .debug_str     0x0001448f      0x34a out/heap_2.o
                               0x8b18 (size before relaxing)
 .debug_str     0x000147d9       0xde out/rc_task_leds.o
                               0xac34 (size before relaxing)
 .debug_str     0x000148b7       0x5d out/rc_task_pot.o
                               0xb682 (size before relaxing)
 .debug_str     0x00014914       0x70 out/rc_leds.o
                               0x804c (size before relaxing)
 .debug_str     0x00014984      0x3eb out/rc_pot.o
                               0x8d12 (size before relaxing)
 .debug_str     0x00014d6f       0x8c out/rc_system.o
                               0x78c2 (size before relaxing)
 .debug_str     0x00014dfb      0x169 out/rc_gpio.o
                               0x7c8d (size before relaxing)
 .debug_str     0x00014f64      0x496 out/rc_uart.o
                               0x976a (size before relaxing)
 .debug_str     0x000153fa       0xd2 out/rc_pinsel.o
                               0x81ab (size before relaxing)
 .debug_str     0x000154cc      0x1d6 out/rc_adc.o
                               0x8953 (size before relaxing)

.debug_loc
 *(.debug_loc)

.debug_macinfo
 *(.debug_macinfo)

.debug_weaknames
 *(.debug_weaknames)

.debug_funcnames
 *(.debug_funcnames)

.debug_typenames
 *(.debug_typenames)

.debug_varnames
 *(.debug_varnames)
OUTPUT(out/aoaa.elf elf32-littlearm)

.debug_ranges   0x00000000      0x7a0
 .debug_ranges  0x00000000       0x28 out/rc_app.o
 .debug_ranges  0x00000028       0x18 out/system_LPC17xx.o
 .debug_ranges  0x00000040       0x20 out/startup_LPC17xx.o
 .debug_ranges  0x00000060      0x120 out/lpc17xx_uart.o
 .debug_ranges  0x00000180       0x38 out/lpc17xx_pinsel.o
 .debug_ranges  0x000001b8       0x48 out/lpc17xx_clkpwr.o
 .debug_ranges  0x00000200       0x10 out/lpc17xx_libcfg_default.o
 .debug_ranges  0x00000210       0xe8 out/lpc17xx_gpio.o
 .debug_ranges  0x000002f8       0x70 out/lpc17xx_adc.o
 .debug_ranges  0x00000368      0x170 out/tasks.o
 .debug_ranges  0x000004d8       0x20 out/hooks.o
 .debug_ranges  0x000004f8       0x30 out/list.o
 .debug_ranges  0x00000528       0x80 out/port.o
 .debug_ranges  0x000005a8       0x30 out/heap_2.o
 .debug_ranges  0x000005d8       0x10 out/rc_task_leds.o
 .debug_ranges  0x000005e8       0x10 out/rc_task_pot.o
 .debug_ranges  0x000005f8       0x28 out/rc_leds.o
 .debug_ranges  0x00000620       0x30 out/rc_pot.o
 .debug_ranges  0x00000650       0x28 out/rc_system.o
 .debug_ranges  0x00000678       0x48 out/rc_gpio.o
 .debug_ranges  0x000006c0       0x60 out/rc_uart.o
 .debug_ranges  0x00000720       0x30 out/rc_pinsel.o
 .debug_ranges  0x00000750       0x50 out/rc_adc.o

.debug_macro    0x00000000     0x4dc5
 .debug_macro   0x00000000      0x1ec out/rc_app.o
 .debug_macro   0x000001ec      0x856 out/rc_app.o
 .debug_macro   0x00000a42       0x1c out/rc_app.o
 .debug_macro   0x00000a5e       0x2e out/rc_app.o
 .debug_macro   0x00000a8c       0x22 out/rc_app.o
 .debug_macro   0x00000aae       0x87 out/rc_app.o
 .debug_macro   0x00000b35       0x44 out/rc_app.o
 .debug_macro   0x00000b79       0xfd out/rc_app.o
 .debug_macro   0x00000c76       0x5e out/rc_app.o
 .debug_macro   0x00000cd4      0x1df out/rc_app.o
 .debug_macro   0x00000eb3       0x18 out/rc_app.o
 .debug_macro   0x00000ecb      0x7af out/rc_app.o
 .debug_macro   0x0000167a      0x2dc out/rc_app.o
 .debug_macro   0x00001956       0x55 out/rc_app.o
 .debug_macro   0x000019ab       0xc5 out/rc_app.o
 .debug_macro   0x00001a70       0x64 out/rc_app.o
 .debug_macro   0x00001ad4       0x16 out/rc_app.o
 .debug_macro   0x00001aea       0x22 out/rc_app.o
 .debug_macro   0x00001b0c       0x58 out/rc_app.o
 .debug_macro   0x00001b64       0x46 out/rc_app.o
 .debug_macro   0x00001baa      0x32a out/rc_app.o
 .debug_macro   0x00001ed4      0x149 out/rc_app.o
 .debug_macro   0x0000201d       0xf4 out/rc_app.o
 .debug_macro   0x00002111       0x34 out/rc_app.o
 .debug_macro   0x00002145      0x16d out/rc_app.o
 .debug_macro   0x000022b2      0x10c out/rc_app.o
 .debug_macro   0x000023be       0x46 out/rc_app.o
 .debug_macro   0x00002404       0xd3 out/rc_app.o
 .debug_macro   0x000024d7       0x12 out/rc_app.o
 .debug_macro   0x000024e9       0x1f out/rc_app.o
 .debug_macro   0x00002508      0x35a out/rc_app.o
 .debug_macro   0x00002862       0x79 out/rc_app.o
 .debug_macro   0x000028db       0x69 out/rc_app.o
 .debug_macro   0x00002944       0x16 out/rc_app.o
 .debug_macro   0x0000295a       0x16 out/rc_app.o
 .debug_macro   0x00002970      0x152 out/system_LPC17xx.o
 .debug_macro   0x00002ac2       0x23 out/startup_LPC17xx.o
 .debug_macro   0x00002ae5       0xc6 out/lpc17xx_uart.o
 .debug_macro   0x00002bab      0x324 out/lpc17xx_uart.o
 .debug_macro   0x00002ecf      0x2fe out/lpc17xx_uart.o
 .debug_macro   0x000031cd       0xcb out/lpc17xx_uart.o
 .debug_macro   0x00003298       0xb4 out/lpc17xx_pinsel.o
 .debug_macro   0x0000334c      0x143 out/lpc17xx_pinsel.o
 .debug_macro   0x0000348f       0xb4 out/lpc17xx_clkpwr.o
 .debug_macro   0x00003543      0x2f8 out/lpc17xx_clkpwr.o
 .debug_macro   0x0000383b       0x81 out/lpc17xx_libcfg_default.o
 .debug_macro   0x000038bc       0x4f out/lpc17xx_libcfg_default.o
 .debug_macro   0x0000390b       0xbd out/lpc17xx_gpio.o
 .debug_macro   0x000039c8       0x40 out/lpc17xx_gpio.o
 .debug_macro   0x00003a08       0xc6 out/lpc17xx_adc.o
 .debug_macro   0x00003ace       0xee out/lpc17xx_adc.o
 .debug_macro   0x00003bbc      0x22b out/tasks.o
 .debug_macro   0x00003de7       0x16 out/tasks.o
 .debug_macro   0x00003dfd       0x35 out/tasks.o
 .debug_macro   0x00003e32       0x16 out/tasks.o
 .debug_macro   0x00003e48       0x63 out/hooks.o
 .debug_macro   0x00003eab       0x16 out/hooks.o
 .debug_macro   0x00003ec1      0x173 out/list.o
 .debug_macro   0x00004034      0x166 out/port.o
 .debug_macro   0x0000419a      0x1a0 out/heap_2.o
 .debug_macro   0x0000433a      0x17a out/rc_task_leds.o
 .debug_macro   0x000044b4       0x10 out/rc_task_leds.o
 .debug_macro   0x000044c4       0x4f out/rc_task_leds.o
 .debug_macro   0x00004513       0x52 out/rc_task_leds.o
 .debug_macro   0x00004565       0x2e out/rc_task_leds.o
 .debug_macro   0x00004593      0x1b0 out/rc_task_pot.o
 .debug_macro   0x00004743       0x10 out/rc_task_pot.o
 .debug_macro   0x00004753      0x106 out/rc_leds.o
 .debug_macro   0x00004859      0x114 out/rc_pot.o
 .debug_macro   0x0000496d       0xcb out/rc_system.o
 .debug_macro   0x00004a38       0xe4 out/rc_gpio.o
 .debug_macro   0x00004b1c       0xe4 out/rc_uart.o
 .debug_macro   0x00004c00       0xde out/rc_pinsel.o
 .debug_macro   0x00004cde       0xe7 out/rc_adc.o

Cross Reference Table

Symbol                                            File
ADC_BurstCmd                                      out/lpc17xx_adc.o
                                                  out/rc_adc.o
ADC_ChannelCmd                                    out/lpc17xx_adc.o
                                                  out/rc_adc.o
ADC_ChannelGetData                                out/lpc17xx_adc.o
                                                  out/rc_adc.o
ADC_ChannelGetStatus                              out/lpc17xx_adc.o
                                                  out/rc_adc.o
ADC_DeInit                                        out/lpc17xx_adc.o
                                                  out/rc_adc.o
ADC_EdgeStartConfig                               out/lpc17xx_adc.o
                                                  out/rc_adc.o
ADC_GetData                                       out/lpc17xx_adc.o
ADC_GlobalGetData                                 out/lpc17xx_adc.o
ADC_GlobalGetStatus                               out/lpc17xx_adc.o
ADC_IRQHandler                                    out/startup_LPC17xx.o
ADC_Init                                          out/lpc17xx_adc.o
                                                  out/rc_adc.o
ADC_IntConfig                                     out/lpc17xx_adc.o
                                                  out/rc_adc.o
ADC_PowerdownCmd                                  out/lpc17xx_adc.o
ADC_StartCmd                                      out/lpc17xx_adc.o
                                                  out/rc_adc.o
BOD_IRQHandler                                    out/startup_LPC17xx.o
BusFault_Handler                                  out/startup_LPC17xx.o
CANActivity_IRQHandler                            out/startup_LPC17xx.o
CAN_IRQHandler                                    out/startup_LPC17xx.o
CLKPWR_ConfigPPWR                                 out/lpc17xx_clkpwr.o
                                                  out/lpc17xx_adc.o
                                                  out/lpc17xx_timer.o
                                                  out/lpc17xx_uart.o
CLKPWR_DeepPowerDown                              out/lpc17xx_clkpwr.o
CLKPWR_DeepSleep                                  out/lpc17xx_clkpwr.o
CLKPWR_GetPCLK                                    out/lpc17xx_clkpwr.o
                                                  out/lpc17xx_adc.o
                                                  out/lpc17xx_timer.o
                                                  out/lpc17xx_uart.o
CLKPWR_GetPCLKSEL                                 out/lpc17xx_clkpwr.o
CLKPWR_PowerDown                                  out/lpc17xx_clkpwr.o
CLKPWR_SetPCLKDiv                                 out/lpc17xx_clkpwr.o
                                                  out/lpc17xx_timer.o
CLKPWR_Sleep                                      out/lpc17xx_clkpwr.o
DMA_IRQHandler                                    out/startup_LPC17xx.o
DebugMon_Handler                                  out/startup_LPC17xx.o
Default_Handler                                   out/startup_LPC17xx.o
EINT0_IRQHandler                                  out/startup_LPC17xx.o
EINT1_IRQHandler                                  out/startup_LPC17xx.o
EINT2_IRQHandler                                  out/startup_LPC17xx.o
EINT3_IRQHandler                                  out/rc_app.o
ENET_IRQHandler                                   out/startup_LPC17xx.o
FIO_ByteClearValue                                out/lpc17xx_gpio.o
FIO_ByteReadValue                                 out/lpc17xx_gpio.o
FIO_ByteSetDir                                    out/lpc17xx_gpio.o
FIO_ByteSetMask                                   out/lpc17xx_gpio.o
FIO_ByteSetValue                                  out/lpc17xx_gpio.o
FIO_ClearInt                                      out/lpc17xx_gpio.o
FIO_ClearValue                                    out/lpc17xx_gpio.o
FIO_GetIntStatus                                  out/lpc17xx_gpio.o
FIO_HalfWordClearValue                            out/lpc17xx_gpio.o
FIO_HalfWordReadValue                             out/lpc17xx_gpio.o
FIO_HalfWordSetDir                                out/lpc17xx_gpio.o
FIO_HalfWordSetMask                               out/lpc17xx_gpio.o
FIO_HalfWordSetValue                              out/lpc17xx_gpio.o
FIO_IntCmd                                        out/lpc17xx_gpio.o
FIO_ReadValue                                     out/lpc17xx_gpio.o
FIO_SetDir                                        out/lpc17xx_gpio.o
FIO_SetMask                                       out/lpc17xx_gpio.o
FIO_SetValue                                      out/lpc17xx_gpio.o
GPIO_ClearInt                                     out/lpc17xx_gpio.o
                                                  out/rc_gpio.o
GPIO_ClearValue                                   out/lpc17xx_gpio.o
                                                  out/rc_gpio.o
GPIO_GetIntStatus                                 out/lpc17xx_gpio.o
                                                  out/rc_gpio.o
GPIO_IntCmd                                       out/lpc17xx_gpio.o
                                                  out/rc_gpio.o
GPIO_ReadValue                                    out/lpc17xx_gpio.o
                                                  out/rc_gpio.o
GPIO_SetDir                                       out/lpc17xx_gpio.o
                                                  out/rc_gpio.o
GPIO_SetValue                                     out/lpc17xx_gpio.o
                                                  out/rc_gpio.o
HardFault_Handler                                 out/startup_LPC17xx.o
I2C0_IRQHandler                                   out/startup_LPC17xx.o
I2C1_IRQHandler                                   out/startup_LPC17xx.o
I2C2_IRQHandler                                   out/startup_LPC17xx.o
I2S_IRQHandler                                    out/startup_LPC17xx.o
MCPWM_IRQHandler                                  out/startup_LPC17xx.o
MemManage_Handler                                 out/startup_LPC17xx.o
NMI_Handler                                       out/startup_LPC17xx.o
PINSEL_ConfigPin                                  out/lpc17xx_pinsel.o
                                                  out/rc_pinsel.o
PINSEL_ConfigTraceFunc                            out/lpc17xx_pinsel.o
                                                  out/rc_pinsel.o
PINSEL_SetI2C0Pins                                out/lpc17xx_pinsel.o
PINSEL_SetOpenDrainMode                           out/lpc17xx_pinsel.o
                                                  out/rc_pinsel.o
PINSEL_SetPinFunc                                 out/lpc17xx_pinsel.o
                                                  out/rc_pinsel.o
PINSEL_SetResistorMode                            out/lpc17xx_pinsel.o
                                                  out/rc_pinsel.o
PLL0_IRQHandler                                   out/startup_LPC17xx.o
PLL1_IRQHandler                                   out/startup_LPC17xx.o
PWM1_IRQHandler                                   out/startup_LPC17xx.o
PendSV_Handler                                    out/startup_LPC17xx.o
QEI_IRQHandler                                    out/startup_LPC17xx.o
RIT_IRQHandler                                    out/startup_LPC17xx.o
RTC_IRQHandler                                    out/startup_LPC17xx.o
Reset_Handler                                     out/startup_LPC17xx.o
SPI_IRQHandler                                    out/startup_LPC17xx.o
SSP0_IRQHandler                                   out/startup_LPC17xx.o
SSP1_IRQHandler                                   out/startup_LPC17xx.o
SVC_Handler                                       out/startup_LPC17xx.o
SysTick_Handler                                   out/startup_LPC17xx.o
SystemCoreClock                                   out/system_LPC17xx.o
                                                  out/lpc17xx_clkpwr.o
SystemCoreClockUpdate                             out/system_LPC17xx.o
                                                  out/rc_system.o
SystemInit                                        out/system_LPC17xx.o
                                                  out/rc_system.o
                                                  out/startup_LPC17xx.o
TIMER1_IRQHandler                                 out/startup_LPC17xx.o
TIMER2_IRQHandler                                 out/startup_LPC17xx.o
TIMER3_IRQHandler                                 out/startup_LPC17xx.o
TIM_ClearIntCapturePending                        out/lpc17xx_timer.o
                                                  out/rc_timer.o
TIM_ClearIntPending                               out/lpc17xx_timer.o
                                                  out/rc_timer.o
TIM_Cmd                                           out/lpc17xx_timer.o
                                                  out/rc_timer.o
TIM_ConfigCapture                                 out/lpc17xx_timer.o
                                                  out/rc_timer.o
TIM_ConfigMatch                                   out/lpc17xx_timer.o
                                                  out/rc_timer.o
TIM_ConfigStructInit                              out/lpc17xx_timer.o
                                                  out/rc_timer.o
TIM_ConverPtrToTimeNum                            out/lpc17xx_timer.o
TIM_ConverUSecToVal                               out/lpc17xx_timer.o
TIM_DeInit                                        out/lpc17xx_timer.o
                                                  out/rc_timer.o
TIM_GetCaptureValue                               out/lpc17xx_timer.o
                                                  out/rc_timer.o
TIM_GetIntCaptureStatus                           out/lpc17xx_timer.o
                                                  out/rc_timer.o
TIM_GetIntStatus                                  out/lpc17xx_timer.o
                                                  out/rc_timer.o
TIM_GetPClock                                     out/lpc17xx_timer.o
TIM_Init                                          out/lpc17xx_timer.o
                                                  out/rc_timer.o
TIM_ResetCounter                                  out/lpc17xx_timer.o
                                                  out/rc_timer.o
Timer0_Wait                                       out/lpc17xx_timer.o
Timer0_us_Wait                                    out/lpc17xx_timer.o
UART0_IRQHandler                                  out/startup_LPC17xx.o
UART0_StdIntHandler                               out/lpc17xx_uart.o
                                                  out/rc_uart.o
UART1_StdIntHandler                               out/lpc17xx_uart.o
                                                  out/rc_uart.o
UART2_IRQHandler                                  out/startup_LPC17xx.o
UART2_StdIntHandler                               out/lpc17xx_uart.o
                                                  out/rc_uart.o
UART3_IRQHandler                                  out/startup_LPC17xx.o
UART3_StdIntHandler                               out/lpc17xx_uart.o
                                                  out/rc_uart.o
UART_ABCmd                                        out/lpc17xx_uart.o
UART_CheckBusy                                    out/lpc17xx_uart.o
UART_ConfigStructInit                             out/lpc17xx_uart.o
UART_DeInit                                       out/lpc17xx_uart.o
                                                  out/rc_uart.o
UART_FIFOConfig                                   out/lpc17xx_uart.o
UART_FIFOConfigStructInit                         out/lpc17xx_uart.o
UART_ForceBreak                                   out/lpc17xx_uart.o
UART_FullModemConfigMode                          out/lpc17xx_uart.o
UART_FullModemForcePinState                       out/lpc17xx_uart.o
UART_FullModemGetStatus                           out/lpc17xx_uart.o
UART_GenIntHandler                                out/lpc17xx_uart.o
UART_GetLineStatus                                out/lpc17xx_uart.o
UART_Init                                         out/lpc17xx_uart.o
                                                  out/rc_uart.o
UART_IntConfig                                    out/lpc17xx_uart.o
                                                  out/rc_uart.o
UART_IrDACmd                                      out/lpc17xx_uart.o
UART_IrDAInvtInputCmd                             out/lpc17xx_uart.o
UART_IrDAPulseDivConfig                           out/lpc17xx_uart.o
UART_RS485Config                                  out/lpc17xx_uart.o
UART_RS485ReceiverCmd                             out/lpc17xx_uart.o
UART_RS485Send                                    out/lpc17xx_uart.o
UART_RS485SendData                                out/lpc17xx_uart.o
UART_RS485SendSlvAddr                             out/lpc17xx_uart.o
UART_Receive                                      out/lpc17xx_uart.o
                                                  out/rc_uart.o
UART_ReceiveData                                  out/lpc17xx_uart.o
UART_Send                                         out/lpc17xx_uart.o
                                                  out/rc_uart.o
UART_SendData                                     out/lpc17xx_uart.o
UART_SendString                                   out/lpc17xx_uart.o
UART_SetupCbs                                     out/lpc17xx_uart.o
                                                  out/rc_uart.o
UART_TxCmd                                        out/lpc17xx_uart.o
                                                  out/rc_uart.o
USBActivity_IRQHandler                            out/startup_LPC17xx.o
USB_IRQHandler                                    out/startup_LPC17xx.o
UsageFault_Handler                                out/startup_LPC17xx.o
WDT_IRQHandler                                    out/startup_LPC17xx.o
__aeabi_idiv0                                     c:/program files (x86)/gnu tools arm embedded/5.4 2016q3/bin/../lib/gcc/arm-none-eabi/5.4.1/armv7-m\libgcc.a(_dvmd_tls.o)
__aeabi_ldiv0                                     c:/program files (x86)/gnu tools arm embedded/5.4 2016q3/bin/../lib/gcc/arm-none-eabi/5.4.1/armv7-m\libgcc.a(_dvmd_tls.o)
                                                  c:/program files (x86)/gnu tools arm embedded/5.4 2016q3/bin/../lib/gcc/arm-none-eabi/5.4.1/armv7-m\libgcc.a(_aeabi_uldivmod.o)
__aeabi_uldivmod                                  c:/program files (x86)/gnu tools arm embedded/5.4 2016q3/bin/../lib/gcc/arm-none-eabi/5.4.1/armv7-m\libgcc.a(_aeabi_uldivmod.o)
                                                  out/lpc17xx_timer.o
__udivmoddi4                                      c:/program files (x86)/gnu tools arm embedded/5.4 2016q3/bin/../lib/gcc/arm-none-eabi/5.4.1/armv7-m\libgcc.a(_udivmoddi4.o)
                                                  c:/program files (x86)/gnu tools arm embedded/5.4 2016q3/bin/../lib/gcc/arm-none-eabi/5.4.1/armv7-m\libgcc.a(_aeabi_uldivmod.o)
_ebss                                             out/startup_LPC17xx.o
_ebss_ahb                                         out/startup_LPC17xx.o
_edata                                            out/startup_LPC17xx.o
_estack                                           out/startup_LPC17xx.o
_init                                             out/startup_LPC17xx.o
_sbss                                             out/startup_LPC17xx.o
_sbss_ahb                                         out/startup_LPC17xx.o
_sdata                                            out/startup_LPC17xx.o
_sidata                                           out/startup_LPC17xx.o
check_failed                                      out/lpc17xx_libcfg_default.o
                                                  out/lpc17xx_adc.o
                                                  out/lpc17xx_timer.o
                                                  out/lpc17xx_uart.o
g_pfnVectors                                      out/startup_LPC17xx.o
getUartNum                                        out/lpc17xx_uart.o
main                                              out/rc_app.o
                                                  out/startup_LPC17xx.o
memcpy                                            c:/program files (x86)/gnu tools arm embedded/5.4 2016q3/bin/../lib/gcc/arm-none-eabi/5.4.1/../../../../arm-none-eabi/lib/armv7-m\libg.a(lib_a-memcpy.o)
                                                  out/queue.o
memset                                            c:/program files (x86)/gnu tools arm embedded/5.4 2016q3/bin/../lib/gcc/arm-none-eabi/5.4.1/../../../../arm-none-eabi/lib/armv7-m\libg.a(lib_a-memset.o)
                                                  out/tasks.o
pfnModemCbs                                       out/lpc17xx_uart.o
pvPortMalloc                                      out/heap_2.o
                                                  out/queue.o
                                                  out/croutine.o
                                                  out/event_groups.o
                                                  out/tasks.o
pvTaskIncrementMutexHeldCount                     out/tasks.o
                                                  out/queue.o
pxCurrentCoRoutine                                out/croutine.o
pxCurrentTCB                                      out/tasks.o
                                                  out/port.o
pxPortInitialiseStack                             out/port.o
                                                  out/tasks.o
rcadc_DeInit                                      out/rc_adc.o
rcadc_Init                                        out/rc_adc.o
                                                  out/rc_pot.o
rcadc_ReadChannelData                             out/rc_adc.o
                                                  out/rc_pot.o
rcadc_ReadChannelStatus                           out/rc_adc.o
                                                  out/rc_pot.o
rcadc_SetBurstMode                                out/rc_adc.o
rcadc_SetChannelState                             out/rc_adc.o
                                                  out/rc_pot.o
rcadc_SetEdgeStart                                out/rc_adc.o
rcadc_SetInterruptState                           out/rc_adc.o
                                                  out/rc_pot.o
rcadc_SetStartMode                                out/rc_adc.o
                                                  out/rc_pot.o
rcgpio_ClearInterrupt                             out/rc_gpio.o
                                                  out/rc_app.o
rcgpio_ClearPin                                   out/rc_gpio.o
                                                  out/rc_task_leds.o
rcgpio_EnableInterrupt                            out/rc_gpio.o
                                                  out/rc_app.o
rcgpio_GetInterruptStatus                         out/rc_gpio.o
                                                  out/rc_app.o
rcgpio_ReadPin                                    out/rc_gpio.o
rcgpio_SetDirection                               out/rc_gpio.o
                                                  out/rc_leds.o
                                                  out/rc_app.o
rcgpio_SetPin                                     out/rc_gpio.o
                                                  out/rc_leds.o
rcgpio_SwapPin                                    out/rc_gpio.o
rcleds_ClearLEDs                                  out/rc_leds.o
                                                  out/rc_task_leds.o
rcleds_GetState                                   out/rc_leds.o
                                                  out/rc_task_leds.o
rcleds_Init                                       out/rc_leds.o
                                                  out/rc_app.o
rcleds_SetState                                   out/rc_leds.o
                                                  out/rc_task_pot.o
                                                  out/rc_task_leds.o
rcpinsel_ConfigPin                                out/rc_pinsel.o
                                                  out/rc_pot.o
rcpinsel_ConfigTraceFunction                      out/rc_pinsel.o
rcpinsel_SetDrainMode                             out/rc_pinsel.o
rcpinsel_SetPinFunction                           out/rc_pinsel.o
rcpinsel_SetResistorMode                          out/rc_pinsel.o
rcpot_GetReadingStatus                            out/rc_pot.o
                                                  out/rc_task_pot.o
rcpot_GetVoltageAnalog                            out/rc_pot.o
rcpot_GetVoltageDigital                           out/rc_pot.o
                                                  out/rc_task_pot.o
rcpot_Init                                        out/rc_pot.o
                                                  out/rc_app.o
rcpot_StartReading                                out/rc_pot.o
                                                  out/rc_task_pot.o
rcscheduler_Timer0_IRQHandler                     out/startup_LPC17xx.o
rcsys_CoreClockUpdate                             out/rc_system.o
                                                  out/rc_app.o
rcsys_EnterProtectedMode                          out/rc_system.o
rcsys_Init                                        out/rc_system.o
                                                  out/rc_app.o
rcsys_LeaveProtectedMode                          out/rc_system.o
rctask_LEDs                                       out/rc_task_leds.o
                                                  out/rc_app.o
rctask_pot                                        out/rc_task_pot.o
                                                  out/rc_app.o
rctimer_ClearCaptureInterrupt                     out/rc_timer.o
rctimer_ClearTimerInterrupt                       out/rc_timer.o
rctimer_ConfigCapture                             out/rc_timer.o
rctimer_ConfigMatch                               out/rc_timer.o
rctimer_DeInit                                    out/rc_timer.o
rctimer_GetCaptureInterruptStatus                 out/rc_timer.o
rctimer_GetCaptureValue                           out/rc_timer.o
rctimer_GetTimerInterruptStatus                   out/rc_timer.o
rctimer_Init                                      out/rc_timer.o
rctimer_InitConfig                                out/rc_timer.o
rctimer_ResetCounter                              out/rc_timer.o
rctimer_SetTimerState                             out/rc_timer.o
rcuart_DeInit                                     out/rc_uart.o
rcuart_Init                                       out/rc_uart.o
rcuart_PORT0_IRQHandler                           out/rc_uart.o
rcuart_PORT1_IRQHandler                           out/rc_uart.o
                                                  out/startup_LPC17xx.o
rcuart_PORT2_IRQHandler                           out/rc_uart.o
rcuart_PORT3_IRQHandler                           out/rc_uart.o
rcuart_Receive                                    out/rc_uart.o
rcuart_Send                                       out/rc_uart.o
rcuart_SetCallback_Function                       out/rc_uart.o
rcuart_SetInterrupt                               out/rc_uart.o
rcuart_TxState                                    out/rc_uart.o
strlen                                            c:/program files (x86)/gnu tools arm embedded/5.4 2016q3/bin/../lib/gcc/arm-none-eabi/5.4.1/../../../../arm-none-eabi/lib/armv7-m\libg.a(lib_a-strlen-stub.o)
                                                  out/lpc17xx_uart.o
uartCbsDat                                        out/lpc17xx_uart.o
uart_set_divisors                                 out/lpc17xx_uart.o
ucQueueGetQueueType                               out/queue.o
ulPortSetInterruptMask                            out/port.o
                                                  out/queue.o
                                                  out/croutine.o
                                                  out/event_groups.o
                                                  out/tasks.o
uxEventGroupGetNumber                             out/event_groups.o
uxListRemove                                      out/list.o
                                                  out/croutine.o
                                                  out/tasks.o
uxQueueGetQueueNumber                             out/queue.o
uxQueueMessagesWaiting                            out/queue.o
uxQueueMessagesWaitingFromISR                     out/queue.o
uxQueueSpacesAvailable                            out/queue.o
uxTaskGetNumberOfTasks                            out/tasks.o
uxTaskGetStackHighWaterMark                       out/tasks.o
uxTaskGetSystemState                              out/tasks.o
uxTaskGetTaskNumber                               out/tasks.o
uxTaskPriorityGet                                 out/tasks.o
uxTaskResetEventItemValue                         out/tasks.o
                                                  out/event_groups.o
vApplicationIdleHook                              out/hooks.o
vApplicationMallocFailedHook                      out/hooks.o
vApplicationTickHook                              out/hooks.o
                                                  out/tasks.o
vCoRoutineAddToDelayedList                        out/croutine.o
vCoRoutineSchedule                                out/croutine.o
vEventGroupClearBitsCallback                      out/event_groups.o
vEventGroupDelete                                 out/event_groups.o
vEventGroupSetBitsCallback                        out/event_groups.o
vListInitialise                                   out/list.o
                                                  out/queue.o
                                                  out/croutine.o
                                                  out/event_groups.o
                                                  out/tasks.o
vListInitialiseItem                               out/list.o
                                                  out/croutine.o
                                                  out/tasks.o
vListInsert                                       out/list.o
                                                  out/croutine.o
                                                  out/tasks.o
vListInsertEnd                                    out/list.o
                                                  out/croutine.o
                                                  out/tasks.o
vPortClearInterruptMask                           out/port.o
                                                  out/queue.o
                                                  out/croutine.o
                                                  out/event_groups.o
                                                  out/tasks.o
vPortEndScheduler                                 out/port.o
                                                  out/tasks.o
vPortEnterCritical                                out/port.o
                                                  out/queue.o
                                                  out/event_groups.o
                                                  out/tasks.o
vPortExitCritical                                 out/port.o
                                                  out/queue.o
                                                  out/event_groups.o
                                                  out/tasks.o
vPortFree                                         out/heap_2.o
                                                  out/queue.o
                                                  out/event_groups.o
                                                  out/tasks.o
vPortInitialiseBlocks                             out/heap_2.o
vPortSVCHandler                                   out/port.o
                                                  out/startup_LPC17xx.o
vPortSetupTimerInterrupt                          out/port.o
vPortValidateInterruptPriority                    out/port.o
                                                  out/queue.o
                                                  out/tasks.o
vPortYield                                        out/port.o
                                                  out/queue.o
                                                  out/event_groups.o
                                                  out/tasks.o
vQueueAddToRegistry                               out/queue.o
vQueueDelete                                      out/queue.o
vQueueSetQueueNumber                              out/queue.o
vQueueUnregisterQueue                             out/queue.o
vTaskDelay                                        out/tasks.o
                                                  out/rc_task_pot.o
                                                  out/rc_task_leds.o
vTaskDelayUntil                                   out/tasks.o
vTaskDelete                                       out/tasks.o
vTaskEndScheduler                                 out/tasks.o
vTaskMissedYield                                  out/tasks.o
                                                  out/queue.o
vTaskPlaceOnEventList                             out/tasks.o
                                                  out/queue.o
vTaskPlaceOnUnorderedEventList                    out/tasks.o
                                                  out/event_groups.o
vTaskPriorityInherit                              out/tasks.o
                                                  out/queue.o
vTaskPrioritySet                                  out/tasks.o
vTaskResume                                       out/tasks.o
vTaskSetTaskNumber                                out/tasks.o
vTaskSetTimeOutState                              out/tasks.o
                                                  out/queue.o
vTaskStartScheduler                               out/tasks.o
                                                  out/rc_app.o
vTaskSuspend                                      out/tasks.o
vTaskSuspendAll                                   out/tasks.o
                                                  out/heap_2.o
                                                  out/queue.o
                                                  out/event_groups.o
vTaskSwitchContext                                out/tasks.o
                                                  out/port.o
xCoRoutineCreate                                  out/croutine.o
xCoRoutineRemoveFromEventList                     out/croutine.o
xEventGroupClearBits                              out/event_groups.o
xEventGroupCreate                                 out/event_groups.o
xEventGroupGetBitsFromISR                         out/event_groups.o
xEventGroupSetBits                                out/event_groups.o
xEventGroupSync                                   out/event_groups.o
xEventGroupWaitBits                               out/event_groups.o
xHandleLEDs                                       out/rc_task_leds.o
                                                  out/rc_app.o
xHandlePot                                        out/rc_task_pot.o
                                                  out/rc_app.o
xPortGetFreeHeapSize                              out/heap_2.o
xPortPendSVHandler                                out/port.o
                                                  out/startup_LPC17xx.o
xPortStartScheduler                               out/port.o
                                                  out/tasks.o
xPortSysTickHandler                               out/port.o
                                                  out/startup_LPC17xx.o
xQueueCreateCountingSemaphore                     out/queue.o
xQueueCreateMutex                                 out/queue.o
xQueueGenericCreate                               out/queue.o
xQueueGenericReceive                              out/queue.o
xQueueGenericReset                                out/queue.o
xQueueGenericSend                                 out/queue.o
xQueueGenericSendFromISR                          out/queue.o
xQueueGiveMutexRecursive                          out/queue.o
xQueueIsQueueEmptyFromISR                         out/queue.o
xQueueIsQueueFullFromISR                          out/queue.o
xQueuePeekFromISR                                 out/queue.o
xQueueReceiveFromISR                              out/queue.o
xQueueRegistry                                    out/queue.o
xQueueTakeMutexRecursive                          out/queue.o
xTaskCheckForTimeOut                              out/tasks.o
                                                  out/queue.o
xTaskGenericCreate                                out/tasks.o
                                                  out/rc_app.o
xTaskGetCurrentTaskHandle                         out/tasks.o
                                                  out/queue.o
xTaskGetTickCount                                 out/tasks.o
                                                  out/croutine.o
xTaskGetTickCountFromISR                          out/tasks.o
xTaskIncrementTick                                out/tasks.o
                                                  out/port.o
xTaskPriorityDisinherit                           out/tasks.o
                                                  out/queue.o
xTaskRemoveFromEventList                          out/tasks.o
                                                  out/queue.o
xTaskRemoveFromUnorderedEventList                 out/tasks.o
                                                  out/event_groups.o
xTaskResumeAll                                    out/tasks.o
                                                  out/heap_2.o
                                                  out/queue.o
                                                  out/event_groups.o
xTaskResumeFromISR                                out/tasks.o
