Archive member included to satisfy reference by file (symbol)

c:/program files (x86)/gnu tools arm embedded/5.4 2016q3/bin/../lib/gcc/arm-none-eabi/5.4.1/armv7-m\libgcc.a(_aeabi_uldivmod.o)
                              out/lpc17xx_timer.o (__aeabi_uldivmod)
c:/program files (x86)/gnu tools arm embedded/5.4 2016q3/bin/../lib/gcc/arm-none-eabi/5.4.1/armv7-m\libgcc.a(_udivmoddi4.o)
                              c:/program files (x86)/gnu tools arm embedded/5.4 2016q3/bin/../lib/gcc/arm-none-eabi/5.4.1/armv7-m\libgcc.a(_aeabi_uldivmod.o) (__udivmoddi4)
c:/program files (x86)/gnu tools arm embedded/5.4 2016q3/bin/../lib/gcc/arm-none-eabi/5.4.1/armv7-m\libgcc.a(_dvmd_tls.o)
                              c:/program files (x86)/gnu tools arm embedded/5.4 2016q3/bin/../lib/gcc/arm-none-eabi/5.4.1/armv7-m\libgcc.a(_aeabi_uldivmod.o) (__aeabi_ldiv0)
c:/program files (x86)/gnu tools arm embedded/5.4 2016q3/bin/../lib/gcc/arm-none-eabi/5.4.1/../../../../arm-none-eabi/lib/armv7-m\libg.a(lib_a-memcpy.o)
                              out/queue.o (memcpy)
c:/program files (x86)/gnu tools arm embedded/5.4 2016q3/bin/../lib/gcc/arm-none-eabi/5.4.1/../../../../arm-none-eabi/lib/armv7-m\libg.a(lib_a-memset.o)
                              out/tasks.o (memset)
c:/program files (x86)/gnu tools arm embedded/5.4 2016q3/bin/../lib/gcc/arm-none-eabi/5.4.1/../../../../arm-none-eabi/lib/armv7-m\libg.a(lib_a-strlen-stub.o)
                              out/lpc17xx_uart.o (strlen)

Allocating common symbols
Common symbol       size              file

xQueueRegistry      0x50              out/queue.o
xHandleLEDs         0x4               out/rc_app.o

Discarded input sections

 .group         0x00000000        0x8 out/rc_app.o
 .group         0x00000000        0x8 out/rc_app.o
 .group         0x00000000        0x8 out/rc_app.o
 .group         0x00000000        0x8 out/rc_app.o
 .group         0x00000000        0x8 out/rc_app.o
 .group         0x00000000        0x8 out/rc_app.o
 .group         0x00000000        0x8 out/rc_app.o
 .group         0x00000000        0x8 out/rc_app.o
 .group         0x00000000        0x8 out/rc_app.o
 .group         0x00000000        0x8 out/rc_app.o
 .group         0x00000000        0x8 out/rc_app.o
 .group         0x00000000        0x8 out/rc_app.o
 .group         0x00000000        0x8 out/rc_app.o
 .group         0x00000000        0x8 out/rc_app.o
 .group         0x00000000        0x8 out/rc_app.o
 .group         0x00000000        0x8 out/rc_app.o
 .group         0x00000000        0x8 out/rc_app.o
 .group         0x00000000        0x8 out/rc_app.o
 .group         0x00000000        0x8 out/rc_app.o
 .group         0x00000000        0x8 out/rc_app.o
 .group         0x00000000        0x8 out/rc_app.o
 .group         0x00000000        0x8 out/rc_app.o
 .group         0x00000000        0x8 out/rc_app.o
 .group         0x00000000        0x8 out/rc_app.o
 .group         0x00000000        0x8 out/rc_app.o
 .group         0x00000000        0x8 out/rc_app.o
 .group         0x00000000        0x8 out/rc_app.o
 .group         0x00000000        0x8 out/rc_app.o
 .group         0x00000000        0x8 out/rc_app.o
 .group         0x00000000        0x8 out/rc_app.o
 .group         0x00000000        0x8 out/rc_app.o
 .group         0x00000000        0x8 out/rc_app.o
 .group         0x00000000        0x8 out/rc_app.o
 .text          0x00000000        0x0 out/rc_app.o
 .data          0x00000000        0x0 out/rc_app.o
 .bss           0x00000000        0x0 out/rc_app.o
 .group         0x00000000        0x8 out/system_LPC17xx.o
 .group         0x00000000        0x8 out/system_LPC17xx.o
 .group         0x00000000        0x8 out/system_LPC17xx.o
 .group         0x00000000        0x8 out/system_LPC17xx.o
 .group         0x00000000        0x8 out/system_LPC17xx.o
 .group         0x00000000        0x8 out/system_LPC17xx.o
 .group         0x00000000        0x8 out/system_LPC17xx.o
 .group         0x00000000        0x8 out/system_LPC17xx.o
 .group         0x00000000        0x8 out/system_LPC17xx.o
 .group         0x00000000        0x8 out/system_LPC17xx.o
 .group         0x00000000        0x8 out/system_LPC17xx.o
 .group         0x00000000        0x8 out/system_LPC17xx.o
 .text          0x00000000        0x0 out/system_LPC17xx.o
 .data          0x00000000        0x0 out/system_LPC17xx.o
 .bss           0x00000000        0x0 out/system_LPC17xx.o
 .debug_macro   0x00000000      0x856 out/system_LPC17xx.o
 .debug_macro   0x00000000       0x22 out/system_LPC17xx.o
 .debug_macro   0x00000000       0x87 out/system_LPC17xx.o
 .debug_macro   0x00000000       0x44 out/system_LPC17xx.o
 .debug_macro   0x00000000       0xfd out/system_LPC17xx.o
 .debug_macro   0x00000000       0x5e out/system_LPC17xx.o
 .debug_macro   0x00000000      0x1df out/system_LPC17xx.o
 .debug_macro   0x00000000       0x1c out/system_LPC17xx.o
 .debug_macro   0x00000000       0x2e out/system_LPC17xx.o
 .debug_macro   0x00000000       0x18 out/system_LPC17xx.o
[...]
Memory Configuration

Name             Origin             Length             Attributes
RAM              0x10000000         0x00008000         xrw
RAMAHB           0x2007c000         0x00008000         xrw
FLASH            0x00000000         0x00080000         xr
*default*        0x00000000         0xffffffff

Linker script and memory map

LOAD out/rc_app.o
LOAD out/system_LPC17xx.o
LOAD out/core_cm3.o
LOAD out/startup_LPC17xx.o
LOAD out/lpc17xx_uart.o
LOAD out/lpc17xx_timer.o
LOAD out/lpc17xx_pinsel.o
LOAD out/lpc17xx_clkpwr.o
LOAD out/lpc17xx_libcfg_default.o
LOAD out/lpc17xx_gpio.o
LOAD out/lpc17xx_adc.o
LOAD out/timers.o
LOAD out/tasks.o
LOAD out/event_groups.o
LOAD out/hooks.o
LOAD out/list.o
LOAD out/croutine.o
LOAD out/queue.o
LOAD out/port.o
LOAD out/heap_2.o
LOAD out/rc_task_leds.o
LOAD out/rc_leds.o
LOAD out/rc_system.o
LOAD out/rc_gpio.o
LOAD out/rc_uart.o
LOAD out/rc_pinsel.o
LOAD out/rc_timer.o
LOAD out/rc_adc.o
LOAD c:/program files (x86)/gnu tools arm embedded/5.4 2016q3/bin/../lib/gcc/arm-none-eabi/5.4.1/../../../../arm-none-eabi/lib/armv7-m\libstdc++.a
LOAD c:/program files (x86)/gnu tools arm embedded/5.4 2016q3/bin/../lib/gcc/arm-none-eabi/5.4.1/../../../../arm-none-eabi/lib/armv7-m\libm.a
START GROUP
LOAD c:/program files (x86)/gnu tools arm embedded/5.4 2016q3/bin/../lib/gcc/arm-none-eabi/5.4.1/armv7-m\libgcc.a
LOAD c:/program files (x86)/gnu tools arm embedded/5.4 2016q3/bin/../lib/gcc/arm-none-eabi/5.4.1/../../../../arm-none-eabi/lib/armv7-m\libg.a
LOAD c:/program files (x86)/gnu tools arm embedded/5.4 2016q3/bin/../lib/gcc/arm-none-eabi/5.4.1/../../../../arm-none-eabi/lib/armv7-m\libc.a
END GROUP
                0x10008000                _estack = 0x10008000
                0x000007d0                __Stack_Size = 0x7d0
                [!provide]                PROVIDE (_Stack_Size, __Stack_Size)
                0x10007830                __Stack_Init = (_estack - __Stack_Size)
                [!provide]                PROVIDE (_Stack_Init, __Stack_Init)
                0x00000100                _Minimum_Stack_Size = 0x100

.mios32_bsl     0x00000000        0x0
                0x00000000                . = ALIGN (0x4)
 *(.mios32_bsl)
                0x00000000                . = ALIGN (0x4)

.isr_vector     0x00000000       0xcc
                0x00000000                _mios32_sys_isr_vector = .
                0x00000000                . = ALIGN (0x4)
 *(.isr_vector)
 .isr_vector    0x00000000       0xcc out/startup_LPC17xx.o
                0x00000000                g_pfnVectors
                0x000000cc                . = ALIGN (0x4)
                [!provide]                PROVIDE (mios32_sys_isr_vector, _mios32_sys_isr_vector)

.flashtext      0x000000cc        0x0
                0x000000cc                . = ALIGN (0x4)
 *(.flashtext)
                0x000000cc                . = ALIGN (0x4)

.text           0x000000cc     0x19b0
                0x000000cc                . = ALIGN (0x4)
 CREATE_OBJECT_SYMBOLS
 *(.text .text.* .gnu.linkonce.t.*)
 .text.NVIC_EnableIRQ
                0x000000cc       0x30 out/rc_app.o
 .text.EINT3_IRQHandler
                0x000000fc       0x38 out/rc_app.o
                0x000000fc                EINT3_IRQHandler
 .text.rcapp_SetupHardware
                0x00000134       0x44 out/rc_app.o
 .text.main     0x00000178       0x40 out/rc_app.o
                0x00000178                main
 .text.SystemCoreClockUpdate
                0x000001b8      0x164 out/system_LPC17xx.o
                0x000001b8                SystemCoreClockUpdate
 .text.SystemInit
                0x0000031c      0x150 out/system_LPC17xx.o
                0x0000031c                SystemInit
 .text.Reset_Handler
                0x0000046c       0x88 out/startup_LPC17xx.o
                0x0000046c                Reset_Handler
 .text._init    0x000004f4        0xc out/startup_LPC17xx.o
                0x000004f4                _init
 .text.Default_Handler
                0x00000500        0x8 out/startup_LPC17xx.o
                0x00000500                TIMER2_IRQHandler
                0x00000500                DebugMon_Handler
                0x00000500                RIT_IRQHandler
                0x00000500                I2C0_IRQHandler
                0x00000500                HardFault_Handler
                0x00000500                SysTick_Handler
                0x00000500                USBActivity_IRQHandler
                0x00000500                PWM1_IRQHandler
                0x00000500                PendSV_Handler
                0x00000500                NMI_Handler
                0x00000500                I2C1_IRQHandler
                0x00000500                EINT2_IRQHandler
                0x00000500                CANActivity_IRQHandler
                0x00000500                TIMER3_IRQHandler
                0x00000500                UART0_IRQHandler
                0x00000500                UsageFault_Handler
                0x00000500                PLL0_IRQHandler
                0x00000500                CAN_IRQHandler
                0x00000500                PLL1_IRQHandler
                0x00000500                SSP0_IRQHandler
                0x00000500                I2S_IRQHandler
                0x00000500                I2C2_IRQHandler
                0x00000500                RTC_IRQHandler
                0x00000500                SPI_IRQHandler
                0x00000500                EINT1_IRQHandler
                0x00000500                TIMER1_IRQHandler
                0x00000500                UART2_IRQHandler
                0x00000500                Default_Handler
                0x00000500                ADC_IRQHandler
                0x00000500                SSP1_IRQHandler
                0x00000500                rcscheduler_Timer0_IRQHandler
                0x00000500                USB_IRQHandler
                0x00000500                BOD_IRQHandler
                0x00000500                MemManage_Handler
                0x00000500                WDT_IRQHandler
                0x00000500                SVC_Handler
                0x00000500                QEI_IRQHandler
                0x00000500                EINT0_IRQHandler
                0x00000500                DMA_IRQHandler
                0x00000500                BusFault_Handler
                0x00000500                UART3_IRQHandler
                0x00000500                MCPWM_IRQHandler
                0x00000500                ENET_IRQHandler
 .text.getUartNum
                0x00000508       0x44 out/lpc17xx_uart.o
                0x00000508                getUartNum
 .text.UART_GenIntHandler
                0x0000054c      0x174 out/lpc17xx_uart.o
                0x0000054c                UART_GenIntHandler
 .text.UART1_StdIntHandler
                0x000006c0       0x14 out/lpc17xx_uart.o
                0x000006c0                UART1_StdIntHandler
 .text.GPIO_GetPointer
                0x000006d4       0x70 out/lpc17xx_gpio.o
 .text.GPIO_SetDir
                0x00000744       0x4c out/lpc17xx_gpio.o
                0x00000744                GPIO_SetDir
 .text.GPIO_SetValue
                0x00000790       0x2c out/lpc17xx_gpio.o
                0x00000790                GPIO_SetValue
 .text.GPIO_ClearValue
                0x000007bc       0x2c out/lpc17xx_gpio.o
                0x000007bc                GPIO_ClearValue
 .text.GPIO_IntCmd
                0x000007e8       0x88 out/lpc17xx_gpio.o
                0x000007e8                GPIO_IntCmd
 .text.GPIO_GetIntStatus
                0x00000870       0xa0 out/lpc17xx_gpio.o
                0x00000870                GPIO_GetIntStatus
 .text.GPIO_ClearInt
                0x00000910       0x38 out/lpc17xx_gpio.o
                0x00000910                GPIO_ClearInt
 .text.xTaskGenericCreate
                0x00000948      0x164 out/tasks.o
                0x00000948                xTaskGenericCreate
 .text.vTaskDelay
                0x00000aac       0x88 out/tasks.o
                0x00000aac                vTaskDelay
 .text.vTaskStartScheduler
                0x00000b34       0x68 out/tasks.o
                0x00000b34                vTaskStartScheduler
 .text.vTaskSuspendAll
                0x00000b9c       0x1c out/tasks.o
                0x00000b9c                vTaskSuspendAll
 .text.xTaskResumeAll
                0x00000bb8      0x108 out/tasks.o
                0x00000bb8                xTaskResumeAll
 .text.xTaskIncrementTick
                0x00000cc0      0x17c out/tasks.o
                0x00000cc0                xTaskIncrementTick
 .text.vTaskSwitchContext
                0x00000e3c       0xa4 out/tasks.o
                0x00000e3c                vTaskSwitchContext
 .text.prvIdleTask
                0x00000ee0       0x10 out/tasks.o
 .text.prvInitialiseTCBVariables
                0x00000ef0       0x9c out/tasks.o
 .text.prvInitialiseTaskLists
                0x00000f8c       0x80 out/tasks.o
 .text.prvCheckTasksWaitingTermination
                0x0000100c       0x78 out/tasks.o
 .text.prvAddCurrentTaskToDelayedList
                0x00001084       0x6c out/tasks.o
 .text.prvAllocateTCBAndStack
                0x000010f0       0x64 out/tasks.o
 .text.prvDeleteTCB
                0x00001154       0x20 out/tasks.o
 .text.prvResetNextTaskUnblockTime
                0x00001174       0x48 out/tasks.o
 .text.vApplicationTickHook
                0x000011bc        0xc out/hooks.o
                0x000011bc                vApplicationTickHook
 .text.vListInitialise
                0x000011c8       0x40 out/list.o
                0x000011c8                vListInitialise
 .text.vListInitialiseItem
                0x00001208       0x18 out/list.o
                0x00001208                vListInitialiseItem
 .text.vListInsertEnd
                0x00001220       0x48 out/list.o
                0x00001220                vListInsertEnd
 .text.vListInsert
                0x00001268       0x70 out/list.o
                0x00001268                vListInsert
 .text.uxListRemove
                0x000012d8       0x54 out/list.o
                0x000012d8                uxListRemove
 .text.pxPortInitialiseStack
                0x0000132c       0x54 out/port.o
                0x0000132c                pxPortInitialiseStack
 .text.prvTaskExitError
                0x00001380       0x20 out/port.o
 .text.vPortSVCHandler
                0x000013a0       0x28 out/port.o
                0x000013a0                vPortSVCHandler
 .text.prvPortStartFirstTask
                0x000013c8       0x20 out/port.o
 .text.xPortStartScheduler
                0x000013e8       0xbc out/port.o
                0x000013e8                xPortStartScheduler
 .text.vPortYield
                0x000014a4       0x20 out/port.o
                0x000014a4                vPortYield
 .text.vPortEnterCritical
                0x000014c4       0x40 out/port.o
                0x000014c4                vPortEnterCritical
 .text.vPortExitCritical
                0x00001504       0x34 out/port.o
                0x00001504                vPortExitCritical
 .text.ulPortSetInterruptMask
                0x00001538       0x14 out/port.o
                0x00001538                ulPortSetInterruptMask
 .text.vPortClearInterruptMask
                0x0000154c        0x8 out/port.o
                0x0000154c                vPortClearInterruptMask
 .text.xPortPendSVHandler
                0x00001554       0x48 out/port.o
                0x00001554                xPortPendSVHandler
 .text.xPortSysTickHandler
                0x0000159c       0x28 out/port.o
                0x0000159c                xPortSysTickHandler
 .text.vPortSetupTimerInterrupt
                0x000015c4       0x24 out/port.o
                0x000015c4                vPortSetupTimerInterrupt
 .text.pvPortMalloc
                0x000015e8      0x11c out/heap_2.o
                0x000015e8                pvPortMalloc
 .text.vPortFree
                0x00001704       0x74 out/heap_2.o
                0x00001704                vPortFree
 .text.prvHeapInit
                0x00001778       0x50 out/heap_2.o
 .text.rctask_LEDs
                0x000017c8       0x74 out/rc_task_leds.o
                0x000017c8                rctask_LEDs
 .text.rcleds_Init
                0x0000183c       0x74 out/rc_leds.o
                0x0000183c                rcleds_Init
 .text.rcsys_Init
                0x000018b0        0xc out/rc_system.o
                0x000018b0                rcsys_Init
 .text.rcsys_CoreClockUpdate
                0x000018bc        0xc out/rc_system.o
                0x000018bc                rcsys_CoreClockUpdate
 .text.rcgpio_SetPin
                0x000018c8       0x2c out/rc_gpio.o
                0x000018c8                rcgpio_SetPin
 .text.rcgpio_ClearPin
                0x000018f4       0x2c out/rc_gpio.o
                0x000018f4                rcgpio_ClearPin
 .text.rcgpio_SetDirection
                0x00001920       0x30 out/rc_gpio.o
                0x00001920                rcgpio_SetDirection
 .text.rcgpio_EnableInterrupt
                0x00001950       0x30 out/rc_gpio.o
                0x00001950                rcgpio_EnableInterrupt
 .text.rcgpio_ClearInterrupt
                0x00001980       0x2c out/rc_gpio.o
                0x00001980                rcgpio_ClearInterrupt
 .text.rcgpio_GetInterruptStatus
                0x000019ac       0x28 out/rc_gpio.o
                0x000019ac                rcgpio_GetInterruptStatus
 .text.rcuart_PORT1_IRQHandler
                0x000019d4        0xc out/rc_uart.o
                0x000019d4                rcuart_PORT1_IRQHandler
 .text.memset   0x000019e0       0x9c c:/program files (x86)/gnu tools arm embedded/5.4 2016q3/bin/../lib/gcc/arm-none-eabi/5.4.1/../../../../arm-none-eabi/lib/armv7-m\libg.a(lib_a-memset.o)
                0x000019e0                memset
 *(.plt)
 *(.gnu.warning)
 *(.glue_7t)
 .glue_7t       0x00001a7c        0x0 linker stubs
 *(.glue_7)
 .glue_7        0x00001a7c        0x0 linker stubs
 *(.vfp11_veneer)
 .vfp11_veneer  0x00001a7c        0x0 linker stubs
 *(.ARM.extab* .gnu.linkonce.armextab.*)
 *(.gcc_except_table)

.v4_bx          0x00001a7c        0x0
 .v4_bx         0x00001a7c        0x0 linker stubs

.iplt           0x00001a7c        0x0
 .iplt          0x00001a7c        0x0 out/rc_app.o

.eh_frame_hdr
 *(.eh_frame_hdr)

.eh_frame
 *(.eh_frame)
                0x00001a7c                __exidx_start = .

.ARM.exidx
 *(.ARM.exidx* .gnu.linkonce.armexidx.*)
                0x00001a7c                __exidx_end = .

.rodata         0x00001a7c       0x14
 *(.rodata .rodata.* .gnu.linkonce.r.*)
 .rodata        0x00001a7c        0xa out/rc_app.o
 *fill*         0x00001a86        0x2 
 .rodata        0x00001a88        0x5 out/tasks.o
                0x00001a90                . = ALIGN (0x4)
 *fill*         0x00001a8d        0x3 
 *(.init)
                0x00001a90                . = ALIGN (0x4)
                0x00001a90                __preinit_array_start = .
 *(.preinit_array)
                0x00001a90                __preinit_array_end = .
                0x00001a90                . = ALIGN (0x4)
                0x00001a90                __init_array_start = .
 *(SORT(.init_array.*))
 *(.init_array)
                0x00001a90                __init_array_end = .
                0x00001a90                . = ALIGN (0x4)
 *(.fini)
                0x00001a90                . = ALIGN (0x4)
                0x00001a90                __fini_array_start = .
 *(.fini_array)
 *(SORT(.fini_array.*))
                0x00001a90                __fini_array_end = .
                0x00001a90                . = ALIGN (0x4)
 *crtbegin.o(.ctors)
 *(EXCLUDE_FILE(*crtend.o) .ctors)
 *(SORT(.ctors.*))
 *crtend.o(.ctors)
                0x00001a90                . = ALIGN (0x4)
 *crtbegin.o(.dtors)
 *(EXCLUDE_FILE(*crtend.o) .dtors)
 *(SORT(.dtors.*))
 *crtend.o(.dtors)
 *(.init .init.*)
 *(.fini .fini.*)
                [!provide]                PROVIDE (__preinit_array_start, .)
 *(.preinit_array)
                [!provide]                PROVIDE (__preinit_array_end, .)
                [!provide]                PROVIDE (__init_array_start, .)
 *(SORT(.init_array.*))
 *(.init_array)
                [!provide]                PROVIDE (__init_array_end, .)
                [!provide]                PROVIDE (__fini_array_start, .)
 *(.fini_array)
 *(SORT(.fini_array.*))
                [!provide]                PROVIDE (__fini_array_end, .)
                0x00001a90                . = ALIGN (0x8)
 *(.rom)
 *(.rom.b)
                0x00001a90                _etext = .
                0x00001a90                _sidata = _etext

.rel.dyn        0x00001a90        0x0
 .rel.iplt      0x00001a90        0x0 out/rc_app.o

.bss            0x10000000     0x21a8 load address 0x00001a90
                0x10000000                . = ALIGN (0x4)
                0x10000000                _sbss = .
 *(.shbss)
 *(.bss .bss.* .gnu.linkonce.b.*)
 .bss.uartCbsDat
                0x10000000       0x40 out/lpc17xx_uart.o
                0x10000000                uartCbsDat
 .bss.pfnModemCbs
                0x10000040        0x4 out/lpc17xx_uart.o
                0x10000040                pfnModemCbs
 .bss.xx        0x10000044        0x4 out/lpc17xx_uart.o
 .bss.pxCurrentTCB
                0x10000048        0x4 out/tasks.o
                0x10000048                pxCurrentTCB
 .bss.pxReadyTasksLists
                0x1000004c       0xa0 out/tasks.o
 .bss.xDelayedTaskList1
                0x100000ec       0x14 out/tasks.o
 .bss.xDelayedTaskList2
                0x10000100       0x14 out/tasks.o
 .bss.pxDelayedTaskList
                0x10000114        0x4 out/tasks.o
 .bss.pxOverflowDelayedTaskList
                0x10000118        0x4 out/tasks.o
 .bss.xPendingReadyList
                0x1000011c       0x14 out/tasks.o
 .bss.xTasksWaitingTermination
                0x10000130       0x14 out/tasks.o
 .bss.uxTasksDeleted
                0x10000144        0x4 out/tasks.o
 .bss.xSuspendedTaskList
                0x10000148       0x14 out/tasks.o
 .bss.uxCurrentNumberOfTasks
                0x1000015c        0x4 out/tasks.o
 .bss.xTickCount
                0x10000160        0x4 out/tasks.o
 .bss.uxTopReadyPriority
                0x10000164        0x4 out/tasks.o
 .bss.xSchedulerRunning
                0x10000168        0x4 out/tasks.o
 .bss.uxPendedTicks
                0x1000016c        0x4 out/tasks.o
 .bss.xYieldPending
                0x10000170        0x4 out/tasks.o
 .bss.xNumOfOverflows
                0x10000174        0x4 out/tasks.o
 .bss.uxTaskNumber
                0x10000178        0x4 out/tasks.o
 .bss.uxSchedulerSuspended
                0x1000017c        0x4 out/tasks.o
 .bss.ucMaxSysCallPriority
                0x10000180        0x1 out/port.o
 *fill*         0x10000181        0x3 
 .bss.ulMaxPRIGROUPValue
                0x10000184        0x4 out/port.o
 .bss.ucHeap    0x10000188     0x2000 out/heap_2.o
 .bss.xStart    0x10002188        0x8 out/heap_2.o
 .bss.xEnd      0x10002190        0x8 out/heap_2.o
 .bss.xHeapHasBeenInitialised.5044
                0x10002198        0x4 out/heap_2.o
 .bss.re_rcleds_state
                0x1000219c        0x1 out/rc_task_leds.o
 *(COMMON)
 *fill*         0x1000219d        0x3 
 COMMON         0x100021a0        0x4 out/rc_app.o
                0x100021a0                xHandleLEDs
                0x100021a8                . = ALIGN (0x8)
 *fill*         0x100021a4        0x4 
 *(.ram.b)
                0x100021a8                . = ALIGN (0x4)
                0x100021a8                _ebss = .
                0x100021a8                _end = .
                0x100021a8                __end = .
                [!provide]                PROVIDE (end, _ebss)
                [!provide]                PROVIDE (_end, _ebss)
                [!provide]                PROVIDE (__bss_start__, _sbss)
                [!provide]                PROVIDE (__bss_end__, _ebss)

._usrstack      0x100021a8      0x100 load address 0x00001a90
                0x100021a8                . = ALIGN (0x4)
                0x100021a8                _susrstack = .
                0x100022a8                . = (. + _Minimum_Stack_Size)
 *fill*         0x100021a8      0x100 
                0x100022a8                . = ALIGN (0x4)
                0x100022a8                _eusrstack = .

.data           0x2007c000       0x10 load address 0x00001a90
                0x2007c000                _sdata = .
                0x2007c000                . = ALIGN (0x80)
                0x00000000                _isr_vectorsram_offs = (. - 0x2007c000)
 *(.isr_vectorsram)
                0x2007c000                . = ALIGN (0x4)
 *(.jcr)
 *(.got.plt)
 *(.got)
 *(.shdata)
 *(.data .data.* .gnu.linkonce.d.*)
 .data.SystemCoreClock
                0x2007c000        0x4 out/system_LPC17xx.o
                0x2007c000                SystemCoreClock
 .data.xNextTaskUnblockTime
                0x2007c004        0x4 out/tasks.o
 .data.uxCriticalNesting
                0x2007c008        0x4 out/port.o
 .data.xFreeBytesRemaining
                0x2007c00c        0x4 out/heap_2.o
                0x2007c010                . = ALIGN (0x8)
 *(.ram)
 *(.ramfunc*)
                0x2007c010                . = ALIGN (0x4)
                0x2007c010                _edata = .

.igot.plt       0x2007c010        0x0 load address 0x00001aa0
 .igot.plt      0x2007c010        0x0 out/rc_app.o

.bss_ahb        0x2007c010        0x0 load address 0x00001aa0
                0x2007c010                . = ALIGN (0x4)
                0x2007c010                _sbss_ahb = .
 *(.shbss_ahb)
 *(.bss_ahb .bss_ahb.* .gnu.linkonce.b.*)
                0x2007c010                . = ALIGN (0x8)
 *(.ram_ahb.b)
                0x2007c010                . = ALIGN (0x4)
                0x2007c010                _ebss_ahb = .
                0x2007c010                _end_ahb = .
                0x2007c010                __end_ahb = .
                [!provide]                PROVIDE (end_ahb, _ebss_ahb)
                [!provide]                PROVIDE (_end_ahb, _ebss_ahb)
                [!provide]                PROVIDE (__bss_ahb_start__, _sbss_ahb)
                [!provide]                PROVIDE (__bss_ahb_end__, _ebss_ahb)

/DISCARD/
 libc.a(*)
 libm.a(*)
 libgcc.a(*)

.stab
 *(.stab)

.stabstr
 *(.stabstr)

.stab.excl
 *(.stab.excl)

.stab.exclstr
 *(.stab.exclstr)

.stab.index
 *(.stab.index)

.stab.indexstr
 *(.stab.indexstr)

.comment        0x00000000       0x6e
 *(.comment)
 .comment       0x00000000       0x6e out/rc_app.o
                                 0x6f (size before relaxing)
 .comment       0x0000006e       0x6f out/system_LPC17xx.o
 .comment       0x0000006e       0x6f out/startup_LPC17xx.o
 .comment       0x0000006e       0x6f out/lpc17xx_uart.o
 .comment       0x0000006e       0x6f out/lpc17xx_gpio.o
 .comment       0x0000006e       0x6f out/tasks.o
 .comment       0x0000006e       0x6f out/hooks.o
 .comment       0x0000006e       0x6f out/list.o
 .comment       0x0000006e       0x6f out/port.o
 .comment       0x0000006e       0x6f out/heap_2.o
 .comment       0x0000006e       0x6f out/rc_task_leds.o
 .comment       0x0000006e       0x6f out/rc_leds.o
 .comment       0x0000006e       0x6f out/rc_system.o
 .comment       0x0000006e       0x6f out/rc_gpio.o
 .comment       0x0000006e       0x6f out/rc_uart.o

.ARM.attributes
                0x00000000       0x31
 .ARM.attributes
                0x00000000       0x33 out/rc_app.o
 .ARM.attributes
                0x00000033       0x33 out/system_LPC17xx.o
 .ARM.attributes
                0x00000066       0x33 out/startup_LPC17xx.o
 .ARM.attributes
                0x00000099       0x33 out/lpc17xx_uart.o
 .ARM.attributes
                0x000000cc       0x33 out/lpc17xx_gpio.o
 .ARM.attributes
                0x000000ff       0x33 out/tasks.o
 .ARM.attributes
                0x00000132       0x33 out/hooks.o
 .ARM.attributes
                0x00000165       0x33 out/list.o
 .ARM.attributes
                0x00000198       0x33 out/port.o
 .ARM.attributes
                0x000001cb       0x33 out/heap_2.o
 .ARM.attributes
                0x000001fe       0x33 out/rc_task_leds.o
 .ARM.attributes
                0x00000231       0x33 out/rc_leds.o
 .ARM.attributes
                0x00000264       0x33 out/rc_system.o
 .ARM.attributes
                0x00000297       0x33 out/rc_gpio.o
 .ARM.attributes
                0x000002ca       0x33 out/rc_uart.o
 .ARM.attributes
                0x000002fd       0x2d c:/program files (x86)/gnu tools arm embedded/5.4 2016q3/bin/../lib/gcc/arm-none-eabi/5.4.1/../../../../arm-none-eabi/lib/armv7-m\libg.a(lib_a-memset.o)

.debug
 *(.debug)

.line
 *(.line)

.debug_srcinfo
 *(.debug_srcinfo)

.debug_sfnames
 *(.debug_sfnames)

.debug_aranges  0x00000000      0x6b8
 *(.debug_aranges)
 .debug_aranges
                0x00000000       0x38 out/rc_app.o
 .debug_aranges
                0x00000038       0x28 out/system_LPC17xx.o
 .debug_aranges
                0x00000060       0x30 out/startup_LPC17xx.o
 .debug_aranges
                0x00000090      0x130 out/lpc17xx_uart.o
 .debug_aranges
                0x000001c0       0xf8 out/lpc17xx_gpio.o
 .debug_aranges
                0x000002b8      0x180 out/tasks.o
 .debug_aranges
                0x00000438       0x30 out/hooks.o
 .debug_aranges
                0x00000468       0x40 out/list.o
 .debug_aranges
                0x000004a8       0x90 out/port.o
 .debug_aranges
                0x00000538       0x40 out/heap_2.o
 .debug_aranges
                0x00000578       0x20 out/rc_task_leds.o
 .debug_aranges
                0x00000598       0x20 out/rc_leds.o
 .debug_aranges
                0x000005b8       0x38 out/rc_system.o
 .debug_aranges
                0x000005f0       0x58 out/rc_gpio.o
 .debug_aranges
                0x00000648       0x70 out/rc_uart.o

.debug_pubnames
 *(.debug_pubnames)

.debug_info     0x00000000     0x5716
 *(.debug_info .gnu.linkonce.wi.*)
 .debug_info    0x00000000      0x51b out/rc_app.o
 .debug_info    0x0000051b      0x4a9 out/system_LPC17xx.o
 .debug_info    0x000009c4      0x128 out/startup_LPC17xx.o
 .debug_info    0x00000aec     0x12b0 out/lpc17xx_uart.o
 .debug_info    0x00001d9c      0xd61 out/lpc17xx_gpio.o
 .debug_info    0x00002afd     0x1253 out/tasks.o
 .debug_info    0x00003d50       0x93 out/hooks.o
 .debug_info    0x00003de3      0x2ac out/list.o
 .debug_info    0x0000408f      0x326 out/port.o
 .debug_info    0x000043b5      0x2eb out/heap_2.o
 .debug_info    0x000046a0      0x220 out/rc_task_leds.o
 .debug_info    0x000048c0      0x1d3 out/rc_leds.o
 .debug_info    0x00004a93      0x123 out/rc_system.o
 .debug_info    0x00004bb6      0x347 out/rc_gpio.o
 .debug_info    0x00004efd      0x819 out/rc_uart.o

.debug_abbrev   0x00000000     0x12e8
 *(.debug_abbrev)
 .debug_abbrev  0x00000000      0x151 out/rc_app.o
 .debug_abbrev  0x00000151      0x115 out/system_LPC17xx.o
 .debug_abbrev  0x00000266       0xd3 out/startup_LPC17xx.o
 .debug_abbrev  0x00000339      0x2a9 out/lpc17xx_uart.o
 .debug_abbrev  0x000005e2      0x211 out/lpc17xx_gpio.o
 .debug_abbrev  0x000007f3      0x27b out/tasks.o
 .debug_abbrev  0x00000a6e       0x78 out/hooks.o
 .debug_abbrev  0x00000ae6       0xc1 out/list.o
 .debug_abbrev  0x00000ba7      0x1a7 out/port.o
 .debug_abbrev  0x00000d4e      0x155 out/heap_2.o
 .debug_abbrev  0x00000ea3       0xbc out/rc_task_leds.o
 .debug_abbrev  0x00000f5f       0x84 out/rc_leds.o
 .debug_abbrev  0x00000fe3       0xa2 out/rc_system.o
 .debug_abbrev  0x00001085       0xc0 out/rc_gpio.o
 .debug_abbrev  0x00001145      0x1a3 out/rc_uart.o

.debug_line     0x00000000     0x4184
 *(.debug_line)
 .debug_line    0x00000000      0x4cd out/rc_app.o
 .debug_line    0x000004cd      0x2d2 out/system_LPC17xx.o
 .debug_line    0x0000079f       0x8e out/startup_LPC17xx.o
 .debug_line    0x0000082d      0xa34 out/lpc17xx_uart.o
 .debug_line    0x00001261      0x567 out/lpc17xx_gpio.o
 .debug_line    0x000017c8      0xb85 out/tasks.o
 .debug_line    0x0000234d      0x1b8 out/hooks.o
 .debug_line    0x00002505      0x3a9 out/list.o
 .debug_line    0x000028ae      0x421 out/port.o
 .debug_line    0x00002ccf      0x3f5 out/heap_2.o
 .debug_line    0x000030c4      0x3de out/rc_task_leds.o
 .debug_line    0x000034a2      0x303 out/rc_leds.o
 .debug_line    0x000037a5      0x2f9 out/rc_system.o
 .debug_line    0x00003a9e      0x351 out/rc_gpio.o
 .debug_line    0x00003def      0x395 out/rc_uart.o

.debug_frame    0x00000000     0x1a08
 *(.debug_frame)
 .debug_frame   0x00000000       0x94 out/rc_app.o
 .debug_frame   0x00000094       0x58 out/system_LPC17xx.o
 .debug_frame   0x000000ec       0x78 out/startup_LPC17xx.o
 .debug_frame   0x00000164      0x55c out/lpc17xx_uart.o
 .debug_frame   0x000006c0      0x478 out/lpc17xx_gpio.o
 .debug_frame   0x00000b38      0x6f8 out/tasks.o
 .debug_frame   0x00001230       0x7c out/hooks.o
 .debug_frame   0x000012ac       0xd8 out/list.o
 .debug_frame   0x00001384      0x1ac out/port.o
 .debug_frame   0x00001530       0xd0 out/heap_2.o
 .debug_frame   0x00001600       0x30 out/rc_task_leds.o
 .debug_frame   0x00001630       0x2c out/rc_leds.o
 .debug_frame   0x0000165c       0x90 out/rc_system.o
 .debug_frame   0x000016ec      0x150 out/rc_gpio.o
 .debug_frame   0x0000183c      0x198 out/rc_uart.o
 .debug_frame   0x000019d4       0x34 c:/program files (x86)/gnu tools arm embedded/5.4 2016q3/bin/../lib/gcc/arm-none-eabi/5.4.1/../../../../arm-none-eabi/lib/armv7-m\libg.a(lib_a-memset.o)

.debug_str      0x00000000    0x148ac
 *(.debug_str)
 .debug_str     0x00000000     0xd014 out/rc_app.o
                               0xd2d6 (size before relaxing)
 .debug_str     0x0000d014      0x453 out/system_LPC17xx.o
                               0x78ee (size before relaxing)
 .debug_str     0x0000d467       0xfa out/startup_LPC17xx.o
                               0x2530 (size before relaxing)
 .debug_str     0x0000d561     0x1bd4 out/lpc17xx_uart.o
                               0xab9f (size before relaxing)
 .debug_str     0x0000f135      0x42d out/lpc17xx_gpio.o
                               0x7db9 (size before relaxing)
 .debug_str     0x0000f562     0x4035 out/tasks.o
                               0xa00c (size before relaxing)
 .debug_str     0x00013597       0xd2 out/hooks.o
                               0x2b5f (size before relaxing)
 .debug_str     0x00013669       0x9d out/list.o
                               0x84f3 (size before relaxing)
 .debug_str     0x00013706      0x724 out/port.o
                               0x6678 (size before relaxing)
 .debug_str     0x00013e2a      0x34a out/heap_2.o
                               0x8b1a (size before relaxing)
 .debug_str     0x00014174       0x7a out/rc_task_leds.o
                               0xabb0 (size before relaxing)
 .debug_str     0x000141ee       0x26 out/rc_leds.o
                               0x7f30 (size before relaxing)
 .debug_str     0x00014214       0x8c out/rc_system.o
                               0x78b5 (size before relaxing)
 .debug_str     0x000142a0      0x169 out/rc_gpio.o
                               0x7c80 (size before relaxing)
 .debug_str     0x00014409      0x4a3 out/rc_uart.o
                               0x975d (size before relaxing)

.debug_loc
 *(.debug_loc)

.debug_macinfo
 *(.debug_macinfo)

.debug_weaknames
 *(.debug_weaknames)

.debug_funcnames
 *(.debug_funcnames)

.debug_typenames
 *(.debug_typenames)

.debug_varnames
 *(.debug_varnames)
OUTPUT(out/aoaa.elf elf32-littlearm)

.debug_ranges   0x00000000      0x5c8
 .debug_ranges  0x00000000       0x28 out/rc_app.o
 .debug_ranges  0x00000028       0x18 out/system_LPC17xx.o
 .debug_ranges  0x00000040       0x20 out/startup_LPC17xx.o
 .debug_ranges  0x00000060      0x120 out/lpc17xx_uart.o
 .debug_ranges  0x00000180       0xe8 out/lpc17xx_gpio.o
 .debug_ranges  0x00000268      0x170 out/tasks.o
 .debug_ranges  0x000003d8       0x20 out/hooks.o
 .debug_ranges  0x000003f8       0x30 out/list.o
 .debug_ranges  0x00000428       0x80 out/port.o
 .debug_ranges  0x000004a8       0x30 out/heap_2.o
 .debug_ranges  0x000004d8       0x10 out/rc_task_leds.o
 .debug_ranges  0x000004e8       0x10 out/rc_leds.o
 .debug_ranges  0x000004f8       0x28 out/rc_system.o
 .debug_ranges  0x00000520       0x48 out/rc_gpio.o
 .debug_ranges  0x00000568       0x60 out/rc_uart.o

.debug_macro    0x00000000     0x40ba
 .debug_macro   0x00000000      0x1c9 out/rc_app.o
 .debug_macro   0x000001c9      0x856 out/rc_app.o
 .debug_macro   0x00000a1f       0x1c out/rc_app.o
 .debug_macro   0x00000a3b       0x2e out/rc_app.o
 .debug_macro   0x00000a69       0x22 out/rc_app.o
 .debug_macro   0x00000a8b       0x87 out/rc_app.o
 .debug_macro   0x00000b12       0x44 out/rc_app.o
 .debug_macro   0x00000b56       0xfd out/rc_app.o
 .debug_macro   0x00000c53       0x5e out/rc_app.o
 .debug_macro   0x00000cb1      0x1df out/rc_app.o
 .debug_macro   0x00000e90       0x18 out/rc_app.o
 .debug_macro   0x00000ea8      0x7af out/rc_app.o
 .debug_macro   0x00001657      0x2dc out/rc_app.o
 .debug_macro   0x00001933       0x55 out/rc_app.o
 .debug_macro   0x00001988       0xc5 out/rc_app.o
 .debug_macro   0x00001a4d       0x5e out/rc_app.o
 .debug_macro   0x00001aab       0x16 out/rc_app.o
 .debug_macro   0x00001ac1       0x22 out/rc_app.o
 .debug_macro   0x00001ae3       0x52 out/rc_app.o
 .debug_macro   0x00001b35       0x46 out/rc_app.o
 .debug_macro   0x00001b7b      0x32a out/rc_app.o
 .debug_macro   0x00001ea5      0x149 out/rc_app.o
 .debug_macro   0x00001fee       0xf4 out/rc_app.o
 .debug_macro   0x000020e2       0x34 out/rc_app.o
 .debug_macro   0x00002116      0x16d out/rc_app.o
 .debug_macro   0x00002283      0x10c out/rc_app.o
 .debug_macro   0x0000238f       0x46 out/rc_app.o
 .debug_macro   0x000023d5       0xd3 out/rc_app.o
 .debug_macro   0x000024a8       0x12 out/rc_app.o
 .debug_macro   0x000024ba       0x1f out/rc_app.o
 .debug_macro   0x000024d9      0x35a out/rc_app.o
 .debug_macro   0x00002833       0x79 out/rc_app.o
 .debug_macro   0x000028ac       0x69 out/rc_app.o
 .debug_macro   0x00002915       0x16 out/rc_app.o
 .debug_macro   0x0000292b      0x152 out/system_LPC17xx.o
 .debug_macro   0x00002a7d       0x23 out/startup_LPC17xx.o
 .debug_macro   0x00002aa0       0xc6 out/lpc17xx_uart.o
 .debug_macro   0x00002b66      0x324 out/lpc17xx_uart.o
 .debug_macro   0x00002e8a      0x2fe out/lpc17xx_uart.o
 .debug_macro   0x00003188       0xcb out/lpc17xx_uart.o
 .debug_macro   0x00003253       0xbd out/lpc17xx_gpio.o
 .debug_macro   0x00003310       0x40 out/lpc17xx_gpio.o
 .debug_macro   0x00003350      0x22b out/tasks.o
 .debug_macro   0x0000357b       0x16 out/tasks.o
 .debug_macro   0x00003591       0x35 out/tasks.o
 .debug_macro   0x000035c6       0x16 out/tasks.o
 .debug_macro   0x000035dc       0x63 out/hooks.o
 .debug_macro   0x0000363f       0x16 out/hooks.o
 .debug_macro   0x00003655      0x173 out/list.o
 .debug_macro   0x000037c8      0x166 out/port.o
 .debug_macro   0x0000392e      0x1a0 out/heap_2.o
 .debug_macro   0x00003ace      0x17a out/rc_task_leds.o
 .debug_macro   0x00003c48       0x10 out/rc_task_leds.o
 .debug_macro   0x00003c58       0x4f out/rc_task_leds.o
 .debug_macro   0x00003ca7       0x4c out/rc_task_leds.o
 .debug_macro   0x00003cf3       0x2e out/rc_task_leds.o
 .debug_macro   0x00003d21      0x106 out/rc_leds.o
 .debug_macro   0x00003e27       0xcb out/rc_system.o
 .debug_macro   0x00003ef2       0xe4 out/rc_gpio.o
 .debug_macro   0x00003fd6       0xe4 out/rc_uart.o

Cross Reference Table

Symbol                                            File
ADC_BurstCmd                                      out/lpc17xx_adc.o
                                                  out/rc_adc.o
ADC_ChannelCmd                                    out/lpc17xx_adc.o
                                                  out/rc_adc.o
ADC_ChannelGetData                                out/lpc17xx_adc.o
                                                  out/rc_adc.o
ADC_ChannelGetStatus                              out/lpc17xx_adc.o
                                                  out/rc_adc.o
ADC_DeInit                                        out/lpc17xx_adc.o
                                                  out/rc_adc.o
ADC_EdgeStartConfig                               out/lpc17xx_adc.o
                                                  out/rc_adc.o
ADC_GetData                                       out/lpc17xx_adc.o
ADC_GlobalGetData                                 out/lpc17xx_adc.o
ADC_GlobalGetStatus                               out/lpc17xx_adc.o
ADC_IRQHandler                                    out/startup_LPC17xx.o
ADC_Init                                          out/lpc17xx_adc.o
                                                  out/rc_adc.o
ADC_IntConfig                                     out/lpc17xx_adc.o
                                                  out/rc_adc.o
ADC_PowerdownCmd                                  out/lpc17xx_adc.o
ADC_StartCmd                                      out/lpc17xx_adc.o
                                                  out/rc_adc.o
BOD_IRQHandler                                    out/startup_LPC17xx.o
BusFault_Handler                                  out/startup_LPC17xx.o
CANActivity_IRQHandler                            out/startup_LPC17xx.o
CAN_IRQHandler                                    out/startup_LPC17xx.o
CLKPWR_ConfigPPWR                                 out/lpc17xx_clkpwr.o
                                                  out/lpc17xx_adc.o
                                                  out/lpc17xx_timer.o
                                                  out/lpc17xx_uart.o
CLKPWR_DeepPowerDown                              out/lpc17xx_clkpwr.o
CLKPWR_DeepSleep                                  out/lpc17xx_clkpwr.o
CLKPWR_GetPCLK                                    out/lpc17xx_clkpwr.o
                                                  out/lpc17xx_adc.o
                                                  out/lpc17xx_timer.o
                                                  out/lpc17xx_uart.o
CLKPWR_GetPCLKSEL                                 out/lpc17xx_clkpwr.o
CLKPWR_PowerDown                                  out/lpc17xx_clkpwr.o
CLKPWR_SetPCLKDiv                                 out/lpc17xx_clkpwr.o
                                                  out/lpc17xx_timer.o
CLKPWR_Sleep                                      out/lpc17xx_clkpwr.o
DMA_IRQHandler                                    out/startup_LPC17xx.o
DebugMon_Handler                                  out/startup_LPC17xx.o
Default_Handler                                   out/startup_LPC17xx.o
EINT0_IRQHandler                                  out/startup_LPC17xx.o
EINT1_IRQHandler                                  out/startup_LPC17xx.o
EINT2_IRQHandler                                  out/startup_LPC17xx.o
EINT3_IRQHandler                                  out/rc_app.o
ENET_IRQHandler                                   out/startup_LPC17xx.o
FIO_ByteClearValue                                out/lpc17xx_gpio.o
FIO_ByteReadValue                                 out/lpc17xx_gpio.o
FIO_ByteSetDir                                    out/lpc17xx_gpio.o
FIO_ByteSetMask                                   out/lpc17xx_gpio.o
FIO_ByteSetValue                                  out/lpc17xx_gpio.o
FIO_ClearInt                                      out/lpc17xx_gpio.o
FIO_ClearValue                                    out/lpc17xx_gpio.o
FIO_GetIntStatus                                  out/lpc17xx_gpio.o
FIO_HalfWordClearValue                            out/lpc17xx_gpio.o
FIO_HalfWordReadValue                             out/lpc17xx_gpio.o
FIO_HalfWordSetDir                                out/lpc17xx_gpio.o
FIO_HalfWordSetMask                               out/lpc17xx_gpio.o
FIO_HalfWordSetValue                              out/lpc17xx_gpio.o
FIO_IntCmd                                        out/lpc17xx_gpio.o
FIO_ReadValue                                     out/lpc17xx_gpio.o
FIO_SetDir                                        out/lpc17xx_gpio.o
FIO_SetMask                                       out/lpc17xx_gpio.o
FIO_SetValue                                      out/lpc17xx_gpio.o
GPIO_ClearInt                                     out/lpc17xx_gpio.o
                                                  out/rc_gpio.o
GPIO_ClearValue                                   out/lpc17xx_gpio.o
                                                  out/rc_gpio.o
GPIO_GetIntStatus                                 out/lpc17xx_gpio.o
                                                  out/rc_gpio.o
GPIO_IntCmd                                       out/lpc17xx_gpio.o
                                                  out/rc_gpio.o
GPIO_ReadValue                                    out/lpc17xx_gpio.o
                                                  out/rc_gpio.o
GPIO_SetDir                                       out/lpc17xx_gpio.o
                                                  out/rc_gpio.o
GPIO_SetValue                                     out/lpc17xx_gpio.o
                                                  out/rc_gpio.o
HardFault_Handler                                 out/startup_LPC17xx.o
I2C0_IRQHandler                                   out/startup_LPC17xx.o
I2C1_IRQHandler                                   out/startup_LPC17xx.o
I2C2_IRQHandler                                   out/startup_LPC17xx.o
I2S_IRQHandler                                    out/startup_LPC17xx.o
MCPWM_IRQHandler                                  out/startup_LPC17xx.o
MemManage_Handler                                 out/startup_LPC17xx.o
NMI_Handler                                       out/startup_LPC17xx.o
PINSEL_ConfigPin                                  out/lpc17xx_pinsel.o
                                                  out/rc_pinsel.o
PINSEL_ConfigTraceFunc                            out/lpc17xx_pinsel.o
                                                  out/rc_pinsel.o
PINSEL_SetI2C0Pins                                out/lpc17xx_pinsel.o
PINSEL_SetOpenDrainMode                           out/lpc17xx_pinsel.o
                                                  out/rc_pinsel.o
PINSEL_SetPinFunc                                 out/lpc17xx_pinsel.o
                                                  out/rc_pinsel.o
PINSEL_SetResistorMode                            out/lpc17xx_pinsel.o
                                                  out/rc_pinsel.o
PLL0_IRQHandler                                   out/startup_LPC17xx.o
PLL1_IRQHandler                                   out/startup_LPC17xx.o
PWM1_IRQHandler                                   out/startup_LPC17xx.o
PendSV_Handler                                    out/startup_LPC17xx.o
QEI_IRQHandler                                    out/startup_LPC17xx.o
RIT_IRQHandler                                    out/startup_LPC17xx.o
RTC_IRQHandler                                    out/startup_LPC17xx.o
Reset_Handler                                     out/startup_LPC17xx.o
SPI_IRQHandler                                    out/startup_LPC17xx.o
SSP0_IRQHandler                                   out/startup_LPC17xx.o
SSP1_IRQHandler                                   out/startup_LPC17xx.o
SVC_Handler                                       out/startup_LPC17xx.o
SysTick_Handler                                   out/startup_LPC17xx.o
SystemCoreClock                                   out/system_LPC17xx.o
                                                  out/lpc17xx_clkpwr.o
SystemCoreClockUpdate                             out/system_LPC17xx.o
                                                  out/rc_system.o
SystemInit                                        out/system_LPC17xx.o
                                                  out/rc_system.o
                                                  out/startup_LPC17xx.o
TIMER1_IRQHandler                                 out/startup_LPC17xx.o
TIMER2_IRQHandler                                 out/startup_LPC17xx.o
TIMER3_IRQHandler                                 out/startup_LPC17xx.o
TIM_ClearIntCapturePending                        out/lpc17xx_timer.o
                                                  out/rc_timer.o
TIM_ClearIntPending                               out/lpc17xx_timer.o
                                                  out/rc_timer.o
TIM_Cmd                                           out/lpc17xx_timer.o
                                                  out/rc_timer.o
TIM_ConfigCapture                                 out/lpc17xx_timer.o
                                                  out/rc_timer.o
TIM_ConfigMatch                                   out/lpc17xx_timer.o
                                                  out/rc_timer.o
TIM_ConfigStructInit                              out/lpc17xx_timer.o
                                                  out/rc_timer.o
TIM_ConverPtrToTimeNum                            out/lpc17xx_timer.o
TIM_ConverUSecToVal                               out/lpc17xx_timer.o
TIM_DeInit                                        out/lpc17xx_timer.o
                                                  out/rc_timer.o
TIM_GetCaptureValue                               out/lpc17xx_timer.o
                                                  out/rc_timer.o
TIM_GetIntCaptureStatus                           out/lpc17xx_timer.o
                                                  out/rc_timer.o
TIM_GetIntStatus                                  out/lpc17xx_timer.o
                                                  out/rc_timer.o
TIM_GetPClock                                     out/lpc17xx_timer.o
TIM_Init                                          out/lpc17xx_timer.o
                                                  out/rc_timer.o
TIM_ResetCounter                                  out/lpc17xx_timer.o
                                                  out/rc_timer.o
Timer0_Wait                                       out/lpc17xx_timer.o
Timer0_us_Wait                                    out/lpc17xx_timer.o
UART0_IRQHandler                                  out/startup_LPC17xx.o
UART0_StdIntHandler                               out/lpc17xx_uart.o
                                                  out/rc_uart.o
UART1_StdIntHandler                               out/lpc17xx_uart.o
                                                  out/rc_uart.o
UART2_IRQHandler                                  out/startup_LPC17xx.o
UART2_StdIntHandler                               out/lpc17xx_uart.o
                                                  out/rc_uart.o
UART3_IRQHandler                                  out/startup_LPC17xx.o
UART3_StdIntHandler                               out/lpc17xx_uart.o
                                                  out/rc_uart.o
UART_ABCmd                                        out/lpc17xx_uart.o
UART_CheckBusy                                    out/lpc17xx_uart.o
UART_ConfigStructInit                             out/lpc17xx_uart.o
UART_DeInit                                       out/lpc17xx_uart.o
                                                  out/rc_uart.o
UART_FIFOConfig                                   out/lpc17xx_uart.o
UART_FIFOConfigStructInit                         out/lpc17xx_uart.o
UART_ForceBreak                                   out/lpc17xx_uart.o
UART_FullModemConfigMode                          out/lpc17xx_uart.o
UART_FullModemForcePinState                       out/lpc17xx_uart.o
UART_FullModemGetStatus                           out/lpc17xx_uart.o
UART_GenIntHandler                                out/lpc17xx_uart.o
UART_GetLineStatus                                out/lpc17xx_uart.o
UART_Init                                         out/lpc17xx_uart.o
                                                  out/rc_uart.o
UART_IntConfig                                    out/lpc17xx_uart.o
                                                  out/rc_uart.o
UART_IrDACmd                                      out/lpc17xx_uart.o
UART_IrDAInvtInputCmd                             out/lpc17xx_uart.o
UART_IrDAPulseDivConfig                           out/lpc17xx_uart.o
UART_RS485Config                                  out/lpc17xx_uart.o
UART_RS485ReceiverCmd                             out/lpc17xx_uart.o
UART_RS485Send                                    out/lpc17xx_uart.o
UART_RS485SendData                                out/lpc17xx_uart.o
UART_RS485SendSlvAddr                             out/lpc17xx_uart.o
UART_Receive                                      out/lpc17xx_uart.o
                                                  out/rc_uart.o
UART_ReceiveData                                  out/lpc17xx_uart.o
UART_Send                                         out/lpc17xx_uart.o
                                                  out/rc_uart.o
UART_SendData                                     out/lpc17xx_uart.o
UART_SendString                                   out/lpc17xx_uart.o
UART_SetupCbs                                     out/lpc17xx_uart.o
                                                  out/rc_uart.o
UART_TxCmd                                        out/lpc17xx_uart.o
                                                  out/rc_uart.o
USBActivity_IRQHandler                            out/startup_LPC17xx.o
USB_IRQHandler                                    out/startup_LPC17xx.o
UsageFault_Handler                                out/startup_LPC17xx.o
WDT_IRQHandler                                    out/startup_LPC17xx.o
__aeabi_idiv0                                     c:/program files (x86)/gnu tools arm embedded/5.4 2016q3/bin/../lib/gcc/arm-none-eabi/5.4.1/armv7-m\libgcc.a(_dvmd_tls.o)
__aeabi_ldiv0                                     c:/program files (x86)/gnu tools arm embedded/5.4 2016q3/bin/../lib/gcc/arm-none-eabi/5.4.1/armv7-m\libgcc.a(_dvmd_tls.o)
                                                  c:/program files (x86)/gnu tools arm embedded/5.4 2016q3/bin/../lib/gcc/arm-none-eabi/5.4.1/armv7-m\libgcc.a(_aeabi_uldivmod.o)
__aeabi_uldivmod                                  c:/program files (x86)/gnu tools arm embedded/5.4 2016q3/bin/../lib/gcc/arm-none-eabi/5.4.1/armv7-m\libgcc.a(_aeabi_uldivmod.o)
                                                  out/lpc17xx_timer.o
__udivmoddi4                                      c:/program files (x86)/gnu tools arm embedded/5.4 2016q3/bin/../lib/gcc/arm-none-eabi/5.4.1/armv7-m\libgcc.a(_udivmoddi4.o)
                                                  c:/program files (x86)/gnu tools arm embedded/5.4 2016q3/bin/../lib/gcc/arm-none-eabi/5.4.1/armv7-m\libgcc.a(_aeabi_uldivmod.o)
_ebss                                             out/startup_LPC17xx.o
_ebss_ahb                                         out/startup_LPC17xx.o
_edata                                            out/startup_LPC17xx.o
_estack                                           out/startup_LPC17xx.o
_init                                             out/startup_LPC17xx.o
_sbss                                             out/startup_LPC17xx.o
_sbss_ahb                                         out/startup_LPC17xx.o
_sdata                                            out/startup_LPC17xx.o
_sidata                                           out/startup_LPC17xx.o
check_failed                                      out/lpc17xx_libcfg_default.o
                                                  out/lpc17xx_adc.o
                                                  out/lpc17xx_timer.o
                                                  out/lpc17xx_uart.o
g_pfnVectors                                      out/startup_LPC17xx.o
getUartNum                                        out/lpc17xx_uart.o
main                                              out/rc_app.o
                                                  out/startup_LPC17xx.o
memcpy                                            c:/program files (x86)/gnu tools arm embedded/5.4 2016q3/bin/../lib/gcc/arm-none-eabi/5.4.1/../../../../arm-none-eabi/lib/armv7-m\libg.a(lib_a-memcpy.o)
                                                  out/queue.o
memset                                            c:/program files (x86)/gnu tools arm embedded/5.4 2016q3/bin/../lib/gcc/arm-none-eabi/5.4.1/../../../../arm-none-eabi/lib/armv7-m\libg.a(lib_a-memset.o)
                                                  out/tasks.o
pfnModemCbs                                       out/lpc17xx_uart.o
pvPortMalloc                                      out/heap_2.o
                                                  out/queue.o
                                                  out/croutine.o
                                                  out/event_groups.o
                                                  out/tasks.o
pvTaskIncrementMutexHeldCount                     out/tasks.o
                                                  out/queue.o
pxCurrentCoRoutine                                out/croutine.o
pxCurrentTCB                                      out/tasks.o
                                                  out/port.o
pxPortInitialiseStack                             out/port.o
                                                  out/tasks.o
rcadc_DeInit                                      out/rc_adc.o
rcadc_Init                                        out/rc_adc.o
rcadc_ReadChannelData                             out/rc_adc.o
rcadc_ReadChannelStatus                           out/rc_adc.o
rcadc_SetBurstMode                                out/rc_adc.o
rcadc_SetChannelState                             out/rc_adc.o
rcadc_SetEdgeStart                                out/rc_adc.o
rcadc_SetInterruptState                           out/rc_adc.o
rcadc_SetStartMode                                out/rc_adc.o
rcgpio_ClearInterrupt                             out/rc_gpio.o
                                                  out/rc_app.o
rcgpio_ClearPin                                   out/rc_gpio.o
                                                  out/rc_task_leds.o
rcgpio_EnableInterrupt                            out/rc_gpio.o
                                                  out/rc_app.o
rcgpio_GetInterruptStatus                         out/rc_gpio.o
                                                  out/rc_app.o
rcgpio_ReadPin                                    out/rc_gpio.o
rcgpio_SetDirection                               out/rc_gpio.o
                                                  out/rc_leds.o
                                                  out/rc_app.o
rcgpio_SetPin                                     out/rc_gpio.o
                                                  out/rc_leds.o
                                                  out/rc_task_leds.o
rcgpio_SwapPin                                    out/rc_gpio.o
rcleds_Init                                       out/rc_leds.o
                                                  out/rc_app.o
rcpinsel_ConfigPin                                out/rc_pinsel.o
rcpinsel_ConfigTraceFunction                      out/rc_pinsel.o
rcpinsel_SetDrainMode                             out/rc_pinsel.o
rcpinsel_SetPinFunction                           out/rc_pinsel.o
rcpinsel_SetResistorMode                          out/rc_pinsel.o
rcscheduler_Timer0_IRQHandler                     out/startup_LPC17xx.o
rcsys_CoreClockUpdate                             out/rc_system.o
                                                  out/rc_app.o
rcsys_EnterProtectedMode                          out/rc_system.o
rcsys_Init                                        out/rc_system.o
                                                  out/rc_app.o
rcsys_LeaveProtectedMode                          out/rc_system.o
rctask_LEDs                                       out/rc_task_leds.o
                                                  out/rc_app.o
rctimer_ClearCaptureInterrupt                     out/rc_timer.o
rctimer_ClearTimerInterrupt                       out/rc_timer.o
rctimer_ConfigCapture                             out/rc_timer.o
rctimer_ConfigMatch                               out/rc_timer.o
rctimer_DeInit                                    out/rc_timer.o
rctimer_GetCaptureInterruptStatus                 out/rc_timer.o
rctimer_GetCaptureValue                           out/rc_timer.o
rctimer_GetTimerInterruptStatus                   out/rc_timer.o
rctimer_Init                                      out/rc_timer.o
rctimer_InitConfig                                out/rc_timer.o
rctimer_ResetCounter                              out/rc_timer.o
rctimer_SetTimerState                             out/rc_timer.o
rcuart_DeInit                                     out/rc_uart.o
rcuart_Init                                       out/rc_uart.o
rcuart_PORT0_IRQHandler                           out/rc_uart.o
rcuart_PORT1_IRQHandler                           out/rc_uart.o
                                                  out/startup_LPC17xx.o
rcuart_PORT2_IRQHandler                           out/rc_uart.o
rcuart_PORT3_IRQHandler                           out/rc_uart.o
rcuart_Receive                                    out/rc_uart.o
rcuart_Send                                       out/rc_uart.o
rcuart_SetCallback_Function                       out/rc_uart.o
rcuart_SetInterrupt                               out/rc_uart.o
rcuart_TxState                                    out/rc_uart.o
strlen                                            c:/program files (x86)/gnu tools arm embedded/5.4 2016q3/bin/../lib/gcc/arm-none-eabi/5.4.1/../../../../arm-none-eabi/lib/armv7-m\libg.a(lib_a-strlen-stub.o)
                                                  out/lpc17xx_uart.o
uartCbsDat                                        out/lpc17xx_uart.o
uart_set_divisors                                 out/lpc17xx_uart.o
ucQueueGetQueueType                               out/queue.o
ulPortSetInterruptMask                            out/port.o
                                                  out/queue.o
                                                  out/croutine.o
                                                  out/event_groups.o
                                                  out/tasks.o
uxEventGroupGetNumber                             out/event_groups.o
uxListRemove                                      out/list.o
                                                  out/croutine.o
                                                  out/tasks.o
uxQueueGetQueueNumber                             out/queue.o
uxQueueMessagesWaiting                            out/queue.o
uxQueueMessagesWaitingFromISR                     out/queue.o
uxQueueSpacesAvailable                            out/queue.o
uxTaskGetNumberOfTasks                            out/tasks.o
uxTaskGetStackHighWaterMark                       out/tasks.o
uxTaskGetSystemState                              out/tasks.o
uxTaskGetTaskNumber                               out/tasks.o
uxTaskPriorityGet                                 out/tasks.o
uxTaskResetEventItemValue                         out/tasks.o
                                                  out/event_groups.o
vApplicationIdleHook                              out/hooks.o
vApplicationMallocFailedHook                      out/hooks.o
vApplicationTickHook                              out/hooks.o
                                                  out/tasks.o
vCoRoutineAddToDelayedList                        out/croutine.o
vCoRoutineSchedule                                out/croutine.o
vEventGroupClearBitsCallback                      out/event_groups.o
vEventGroupDelete                                 out/event_groups.o
vEventGroupSetBitsCallback                        out/event_groups.o
vListInitialise                                   out/list.o
                                                  out/queue.o
                                                  out/croutine.o
                                                  out/event_groups.o
                                                  out/tasks.o
vListInitialiseItem                               out/list.o
                                                  out/croutine.o
                                                  out/tasks.o
vListInsert                                       out/list.o
                                                  out/croutine.o
                                                  out/tasks.o
vListInsertEnd                                    out/list.o
                                                  out/croutine.o
                                                  out/tasks.o
vPortClearInterruptMask                           out/port.o
                                                  out/queue.o
                                                  out/croutine.o
                                                  out/event_groups.o
                                                  out/tasks.o
vPortEndScheduler                                 out/port.o
                                                  out/tasks.o
vPortEnterCritical                                out/port.o
                                                  out/queue.o
                                                  out/event_groups.o
                                                  out/tasks.o
vPortExitCritical                                 out/port.o
                                                  out/queue.o
                                                  out/event_groups.o
                                                  out/tasks.o
vPortFree                                         out/heap_2.o
                                                  out/queue.o
                                                  out/event_groups.o
                                                  out/tasks.o
vPortInitialiseBlocks                             out/heap_2.o
vPortSVCHandler                                   out/port.o
                                                  out/startup_LPC17xx.o
vPortSetupTimerInterrupt                          out/port.o
vPortValidateInterruptPriority                    out/port.o
                                                  out/queue.o
                                                  out/tasks.o
vPortYield                                        out/port.o
                                                  out/queue.o
                                                  out/event_groups.o
                                                  out/tasks.o
vQueueAddToRegistry                               out/queue.o
vQueueDelete                                      out/queue.o
vQueueSetQueueNumber                              out/queue.o
vQueueUnregisterQueue                             out/queue.o
vTaskDelay                                        out/tasks.o
                                                  out/rc_task_leds.o
vTaskDelayUntil                                   out/tasks.o
vTaskDelete                                       out/tasks.o
vTaskEndScheduler                                 out/tasks.o
vTaskMissedYield                                  out/tasks.o
                                                  out/queue.o
vTaskPlaceOnEventList                             out/tasks.o
                                                  out/queue.o
vTaskPlaceOnUnorderedEventList                    out/tasks.o
                                                  out/event_groups.o
vTaskPriorityInherit                              out/tasks.o
                                                  out/queue.o
vTaskPrioritySet                                  out/tasks.o
vTaskResume                                       out/tasks.o
vTaskSetTaskNumber                                out/tasks.o
vTaskSetTimeOutState                              out/tasks.o
                                                  out/queue.o
vTaskStartScheduler                               out/tasks.o
                                                  out/rc_app.o
vTaskSuspend                                      out/tasks.o
vTaskSuspendAll                                   out/tasks.o
                                                  out/heap_2.o
                                                  out/queue.o
                                                  out/event_groups.o
vTaskSwitchContext                                out/tasks.o
                                                  out/port.o
xCoRoutineCreate                                  out/croutine.o
xCoRoutineRemoveFromEventList                     out/croutine.o
xEventGroupClearBits                              out/event_groups.o
xEventGroupCreate                                 out/event_groups.o
xEventGroupGetBitsFromISR                         out/event_groups.o
xEventGroupSetBits                                out/event_groups.o
xEventGroupSync                                   out/event_groups.o
xEventGroupWaitBits                               out/event_groups.o
xHandleLEDs                                       out/rc_task_leds.o
                                                  out/rc_app.o
xPortGetFreeHeapSize                              out/heap_2.o
xPortPendSVHandler                                out/port.o
                                                  out/startup_LPC17xx.o
xPortStartScheduler                               out/port.o
                                                  out/tasks.o
xPortSysTickHandler                               out/port.o
                                                  out/startup_LPC17xx.o
xQueueCreateCountingSemaphore                     out/queue.o
xQueueCreateMutex                                 out/queue.o
xQueueGenericCreate                               out/queue.o
xQueueGenericReceive                              out/queue.o
xQueueGenericReset                                out/queue.o
xQueueGenericSend                                 out/queue.o
xQueueGenericSendFromISR                          out/queue.o
xQueueGiveMutexRecursive                          out/queue.o
xQueueIsQueueEmptyFromISR                         out/queue.o
xQueueIsQueueFullFromISR                          out/queue.o
xQueuePeekFromISR                                 out/queue.o
xQueueReceiveFromISR                              out/queue.o
xQueueRegistry                                    out/queue.o
xQueueTakeMutexRecursive                          out/queue.o
xTaskCheckForTimeOut                              out/tasks.o
                                                  out/queue.o
xTaskGenericCreate                                out/tasks.o
                                                  out/rc_app.o
xTaskGetCurrentTaskHandle                         out/tasks.o
                                                  out/queue.o
xTaskGetTickCount                                 out/tasks.o
                                                  out/croutine.o
xTaskGetTickCountFromISR                          out/tasks.o
xTaskIncrementTick                                out/tasks.o
                                                  out/port.o
xTaskPriorityDisinherit                           out/tasks.o
                                                  out/queue.o
xTaskRemoveFromEventList                          out/tasks.o
                                                  out/queue.o
xTaskRemoveFromUnorderedEventList                 out/tasks.o
                                                  out/event_groups.o
xTaskResumeAll                                    out/tasks.o
                                                  out/heap_2.o
                                                  out/queue.o
                                                  out/event_groups.o
xTaskResumeFromISR                                out/tasks.o
